Archive member included to satisfy reference by file (symbol)

C:/ST/STM32CubeIDE_2.1.0/STM32CubeIDE/plugins/com.st.stm32cube.ide.mcu.externaltools.gnu-tools-for-stm32.14.3.rel1.win32_1.0.100.202602081740/tools/bin/../lib/gcc/arm-none-eabi/14.3.1/../../../../arm-none-eabi/lib/thumb/v7e-m+dp/hard\libc_nano.a(libc_a-exit.o)
                              C:/ST/STM32CubeIDE_2.1.0/STM32CubeIDE/plugins/com.st.stm32cube.ide.mcu.externaltools.gnu-tools-for-stm32.14.3.rel1.win32_1.0.100.202602081740/tools/bin/../lib/gcc/arm-none-eabi/14.3.1/../../../../arm-none-eabi/lib/thumb/v7e-m+dp/hard/crt0.o (exit)
C:/ST/STM32CubeIDE_2.1.0/STM32CubeIDE/plugins/com.st.stm32cube.ide.mcu.externaltools.gnu-tools-for-stm32.14.3.rel1.win32_1.0.100.202602081740/tools/bin/../lib/gcc/arm-none-eabi/14.3.1/../../../../arm-none-eabi/lib/thumb/v7e-m+dp/hard\libc_nano.a(libc_a-malloc.o)
                              ./Middlewares/ST/STM32_USB_Host_Library/Class/MSC/Src/usbh_msc.o (malloc)
C:/ST/STM32CubeIDE_2.1.0/STM32CubeIDE/plugins/com.st.stm32cube.ide.mcu.externaltools.gnu-tools-for-stm32.14.3.rel1.win32_1.0.100.202602081740/tools/bin/../lib/gcc/arm-none-eabi/14.3.1/../../../../arm-none-eabi/lib/thumb/v7e-m+dp/hard\libc_nano.a(libc_a-mallocr.o)
                              C:/ST/STM32CubeIDE_2.1.0/STM32CubeIDE/plugins/com.st.stm32cube.ide.mcu.externaltools.gnu-tools-for-stm32.14.3.rel1.win32_1.0.100.202602081740/tools/bin/../lib/gcc/arm-none-eabi/14.3.1/../../../../arm-none-eabi/lib/thumb/v7e-m+dp/hard\libc_nano.a(libc_a-malloc.o) (_malloc_r)
C:/ST/STM32CubeIDE_2.1.0/STM32CubeIDE/plugins/com.st.stm32cube.ide.mcu.externaltools.gnu-tools-for-stm32.14.3.rel1.win32_1.0.100.202602081740/tools/bin/../lib/gcc/arm-none-eabi/14.3.1/../../../../arm-none-eabi/lib/thumb/v7e-m+dp/hard\libc_nano.a(libc_a-mlock.o)
                              C:/ST/STM32CubeIDE_2.1.0/STM32CubeIDE/plugins/com.st.stm32cube.ide.mcu.externaltools.gnu-tools-for-stm32.14.3.rel1.win32_1.0.100.202602081740/tools/bin/../lib/gcc/arm-none-eabi/14.3.1/../../../../arm-none-eabi/lib/thumb/v7e-m+dp/hard\libc_nano.a(libc_a-mallocr.o) (__malloc_lock)
C:/ST/STM32CubeIDE_2.1.0/STM32CubeIDE/plugins/com.st.stm32cube.ide.mcu.externaltools.gnu-tools-for-stm32.14.3.rel1.win32_1.0.100.202602081740/tools/bin/../lib/gcc/arm-none-eabi/14.3.1/../../../../arm-none-eabi/lib/thumb/v7e-m+dp/hard\libc_nano.a(libc_a-findfp.o)
                              C:/ST/STM32CubeIDE_2.1.0/STM32CubeIDE/plugins/com.st.stm32cube.ide.mcu.externaltools.gnu-tools-for-stm32.14.3.rel1.win32_1.0.100.202602081740/tools/bin/../lib/gcc/arm-none-eabi/14.3.1/../../../../arm-none-eabi/lib/thumb/v7e-m+dp/hard\libc_nano.a(libc_a-exit.o) (__stdio_exit_handler)
C:/ST/STM32CubeIDE_2.1.0/STM32CubeIDE/plugins/com.st.stm32cube.ide.mcu.externaltools.gnu-tools-for-stm32.14.3.rel1.win32_1.0.100.202602081740/tools/bin/../lib/gcc/arm-none-eabi/14.3.1/../../../../arm-none-eabi/lib/thumb/v7e-m+dp/hard\libc_nano.a(libc_a-fwalk.o)
                              C:/ST/STM32CubeIDE_2.1.0/STM32CubeIDE/plugins/com.st.stm32cube.ide.mcu.externaltools.gnu-tools-for-stm32.14.3.rel1.win32_1.0.100.202602081740/tools/bin/../lib/gcc/arm-none-eabi/14.3.1/../../../../arm-none-eabi/lib/thumb/v7e-m+dp/hard\libc_nano.a(libc_a-findfp.o) (_fwalk_sglue)
C:/ST/STM32CubeIDE_2.1.0/STM32CubeIDE/plugins/com.st.stm32cube.ide.mcu.externaltools.gnu-tools-for-stm32.14.3.rel1.win32_1.0.100.202602081740/tools/bin/../lib/gcc/arm-none-eabi/14.3.1/../../../../arm-none-eabi/lib/thumb/v7e-m+dp/hard\libc_nano.a(libc_a-stdio.o)
                              C:/ST/STM32CubeIDE_2.1.0/STM32CubeIDE/plugins/com.st.stm32cube.ide.mcu.externaltools.gnu-tools-for-stm32.14.3.rel1.win32_1.0.100.202602081740/tools/bin/../lib/gcc/arm-none-eabi/14.3.1/../../../../arm-none-eabi/lib/thumb/v7e-m+dp/hard\libc_nano.a(libc_a-findfp.o) (__sread)
C:/ST/STM32CubeIDE_2.1.0/STM32CubeIDE/plugins/com.st.stm32cube.ide.mcu.externaltools.gnu-tools-for-stm32.14.3.rel1.win32_1.0.100.202602081740/tools/bin/../lib/gcc/arm-none-eabi/14.3.1/../../../../arm-none-eabi/lib/thumb/v7e-m+dp/hard\libc_nano.a(libc_a-memset.o)
                              C:/ST/STM32CubeIDE_2.1.0/STM32CubeIDE/plugins/com.st.stm32cube.ide.mcu.externaltools.gnu-tools-for-stm32.14.3.rel1.win32_1.0.100.202602081740/tools/bin/../lib/gcc/arm-none-eabi/14.3.1/../../../../arm-none-eabi/lib/thumb/v7e-m+dp/hard/crt0.o (memset)
C:/ST/STM32CubeIDE_2.1.0/STM32CubeIDE/plugins/com.st.stm32cube.ide.mcu.externaltools.gnu-tools-for-stm32.14.3.rel1.win32_1.0.100.202602081740/tools/bin/../lib/gcc/arm-none-eabi/14.3.1/../../../../arm-none-eabi/lib/thumb/v7e-m+dp/hard\libc_nano.a(libc_a-closer.o)
                              C:/ST/STM32CubeIDE_2.1.0/STM32CubeIDE/plugins/com.st.stm32cube.ide.mcu.externaltools.gnu-tools-for-stm32.14.3.rel1.win32_1.0.100.202602081740/tools/bin/../lib/gcc/arm-none-eabi/14.3.1/../../../../arm-none-eabi/lib/thumb/v7e-m+dp/hard\libc_nano.a(libc_a-stdio.o) (_close_r)
[...]
Memory Configuration

Name             Origin             Length             Attributes
FLASH            0x08000000         0x00200000         xr
DTCMRAM          0x20000000         0x00020000         xrw
RAM_D1           0x24000000         0x00080000         xrw
RAM_D2           0x30000000         0x00048000         xrw
RAM_D3           0x38000000         0x00010000         xrw
ITCMRAM          0x00000000         0x00010000         xrw
*default*        0x00000000         0xffffffff

Linker script and memory map

LOAD C:/ST/STM32CubeIDE_2.1.0/STM32CubeIDE/plugins/com.st.stm32cube.ide.mcu.externaltools.gnu-tools-for-stm32.14.3.rel1.win32_1.0.100.202602081740/tools/bin/../lib/gcc/arm-none-eabi/14.3.1/thumb/v7e-m+dp/hard/crti.o
LOAD C:/ST/STM32CubeIDE_2.1.0/STM32CubeIDE/plugins/com.st.stm32cube.ide.mcu.externaltools.gnu-tools-for-stm32.14.3.rel1.win32_1.0.100.202602081740/tools/bin/../lib/gcc/arm-none-eabi/14.3.1/thumb/v7e-m+dp/hard/crtbegin.o
LOAD C:/ST/STM32CubeIDE_2.1.0/STM32CubeIDE/plugins/com.st.stm32cube.ide.mcu.externaltools.gnu-tools-for-stm32.14.3.rel1.win32_1.0.100.202602081740/tools/bin/../lib/gcc/arm-none-eabi/14.3.1/../../../../arm-none-eabi/lib/thumb/v7e-m+dp/hard/crt0.o
LOAD ./Core/Src/main.o
LOAD ./Core/Src/stm32h7xx_hal_msp.o
LOAD ./Core/Src/stm32h7xx_it.o
LOAD ./Core/Src/syscalls.o
LOAD ./Core/Src/sysmem.o
LOAD ./Core/Src/system_stm32h7xx.o
LOAD ./Core/Startup/startup_stm32h753zitx.o
LOAD ./Drivers/BSP/STM32H7xx_Nucleo/stm32h7xx_nucleo.o
LOAD ./Drivers/STM32H7xx_HAL_Driver/Src/stm32h7xx_hal.o
LOAD ./Drivers/STM32H7xx_HAL_Driver/Src/stm32h7xx_hal_cortex.o
LOAD ./Drivers/STM32H7xx_HAL_Driver/Src/stm32h7xx_hal_dma.o
LOAD ./Drivers/STM32H7xx_HAL_Driver/Src/stm32h7xx_hal_dma_ex.o
LOAD ./Drivers/STM32H7xx_HAL_Driver/Src/stm32h7xx_hal_exti.o
LOAD ./Drivers/STM32H7xx_HAL_Driver/Src/stm32h7xx_hal_flash.o
LOAD ./Drivers/STM32H7xx_HAL_Driver/Src/stm32h7xx_hal_flash_ex.o
LOAD ./Drivers/STM32H7xx_HAL_Driver/Src/stm32h7xx_hal_gpio.o
LOAD ./Drivers/STM32H7xx_HAL_Driver/Src/stm32h7xx_hal_hcd.o
LOAD ./Drivers/STM32H7xx_HAL_Driver/Src/stm32h7xx_hal_hsem.o
LOAD ./Drivers/STM32H7xx_HAL_Driver/Src/stm32h7xx_hal_i2c.o
LOAD ./Drivers/STM32H7xx_HAL_Driver/Src/stm32h7xx_hal_i2c_ex.o
LOAD ./Drivers/STM32H7xx_HAL_Driver/Src/stm32h7xx_hal_mdma.o
LOAD ./Drivers/STM32H7xx_HAL_Driver/Src/stm32h7xx_hal_pwr.o
LOAD ./Drivers/STM32H7xx_HAL_Driver/Src/stm32h7xx_hal_pwr_ex.o
LOAD ./Drivers/STM32H7xx_HAL_Driver/Src/stm32h7xx_hal_rcc.o
LOAD ./Drivers/STM32H7xx_HAL_Driver/Src/stm32h7xx_hal_rcc_ex.o
LOAD ./Drivers/STM32H7xx_HAL_Driver/Src/stm32h7xx_hal_tim.o
LOAD ./Drivers/STM32H7xx_HAL_Driver/Src/stm32h7xx_hal_tim_ex.o
LOAD ./Drivers/STM32H7xx_HAL_Driver/Src/stm32h7xx_hal_uart.o
LOAD ./Drivers/STM32H7xx_HAL_Driver/Src/stm32h7xx_hal_uart_ex.o
LOAD ./Drivers/STM32H7xx_HAL_Driver/Src/stm32h7xx_hal_usart.o
LOAD ./Drivers/STM32H7xx_HAL_Driver/Src/stm32h7xx_hal_usart_ex.o
LOAD ./Drivers/STM32H7xx_HAL_Driver/Src/stm32h7xx_ll_usb.o
LOAD ./FATFS/App/fatfs.o
LOAD ./FATFS/Target/usbh_diskio.o
LOAD ./Middlewares/ST/STM32_USB_Host_Library/Class/MSC/Src/usbh_msc.o
LOAD ./Middlewares/ST/STM32_USB_Host_Library/Class/MSC/Src/usbh_msc_bot.o
LOAD ./Middlewares/ST/STM32_USB_Host_Library/Class/MSC/Src/usbh_msc_scsi.o
LOAD ./Middlewares/ST/STM32_USB_Host_Library/Core/Src/usbh_core.o
LOAD ./Middlewares/ST/STM32_USB_Host_Library/Core/Src/usbh_ctlreq.o
LOAD ./Middlewares/ST/STM32_USB_Host_Library/Core/Src/usbh_ioreq.o
LOAD ./Middlewares/ST/STM32_USB_Host_Library/Core/Src/usbh_pipes.o
LOAD ./Middlewares/Third_Party/FatFs/src/diskio.o
LOAD ./Middlewares/Third_Party/FatFs/src/ff.o
LOAD ./Middlewares/Third_Party/FatFs/src/ff_gen_drv.o
LOAD ./Middlewares/Third_Party/FatFs/src/option/cc932.o
LOAD ./Middlewares/Third_Party/FatFs/src/option/syscall.o
LOAD ./USB_HOST/App/usb_host.o
LOAD ./USB_HOST/Target/usbh_conf.o
LOAD ./USB_HOST/Target/usbh_platform.o
START GROUP
LOAD C:/ST/STM32CubeIDE_2.1.0/STM32CubeIDE/plugins/com.st.stm32cube.ide.mcu.externaltools.gnu-tools-for-stm32.14.3.rel1.win32_1.0.100.202602081740/tools/bin/../lib/gcc/arm-none-eabi/14.3.1/../../../../arm-none-eabi/lib/thumb/v7e-m+dp/hard\libc_nano.a
LOAD C:/ST/STM32CubeIDE_2.1.0/STM32CubeIDE/plugins/com.st.stm32cube.ide.mcu.externaltools.gnu-tools-for-stm32.14.3.rel1.win32_1.0.100.202602081740/tools/bin/../lib/gcc/arm-none-eabi/14.3.1/../../../../arm-none-eabi/lib/thumb/v7e-m+dp/hard\libm.a
END GROUP
START GROUP
LOAD C:/ST/STM32CubeIDE_2.1.0/STM32CubeIDE/plugins/com.st.stm32cube.ide.mcu.externaltools.gnu-tools-for-stm32.14.3.rel1.win32_1.0.100.202602081740/tools/bin/../lib/gcc/arm-none-eabi/14.3.1/thumb/v7e-m+dp/hard\libgcc.a
LOAD C:/ST/STM32CubeIDE_2.1.0/STM32CubeIDE/plugins/com.st.stm32cube.ide.mcu.externaltools.gnu-tools-for-stm32.14.3.rel1.win32_1.0.100.202602081740/tools/bin/../lib/gcc/arm-none-eabi/14.3.1/../../../../arm-none-eabi/lib/thumb/v7e-m+dp/hard\libc_nano.a
END GROUP
START GROUP
LOAD C:/ST/STM32CubeIDE_2.1.0/STM32CubeIDE/plugins/com.st.stm32cube.ide.mcu.externaltools.gnu-tools-for-stm32.14.3.rel1.win32_1.0.100.202602081740/tools/bin/../lib/gcc/arm-none-eabi/14.3.1/thumb/v7e-m+dp/hard\libgcc.a
LOAD C:/ST/STM32CubeIDE_2.1.0/STM32CubeIDE/plugins/com.st.stm32cube.ide.mcu.externaltools.gnu-tools-for-stm32.14.3.rel1.win32_1.0.100.202602081740/tools/bin/../lib/gcc/arm-none-eabi/14.3.1/../../../../arm-none-eabi/lib/thumb/v7e-m+dp/hard\libc_nano.a
LOAD C:/ST/STM32CubeIDE_2.1.0/STM32CubeIDE/plugins/com.st.stm32cube.ide.mcu.externaltools.gnu-tools-for-stm32.14.3.rel1.win32_1.0.100.202602081740/tools/bin/../lib/gcc/arm-none-eabi/14.3.1/../../../../arm-none-eabi/lib/thumb/v7e-m+dp/hard\libnosys.a
END GROUP
START GROUP
LOAD C:/ST/STM32CubeIDE_2.1.0/STM32CubeIDE/plugins/com.st.stm32cube.ide.mcu.externaltools.gnu-tools-for-stm32.14.3.rel1.win32_1.0.100.202602081740/tools/bin/../lib/gcc/arm-none-eabi/14.3.1/thumb/v7e-m+dp/hard\libgcc.a
LOAD C:/ST/STM32CubeIDE_2.1.0/STM32CubeIDE/plugins/com.st.stm32cube.ide.mcu.externaltools.gnu-tools-for-stm32.14.3.rel1.win32_1.0.100.202602081740/tools/bin/../lib/gcc/arm-none-eabi/14.3.1/../../../../arm-none-eabi/lib/thumb/v7e-m+dp/hard\libc_nano.a
LOAD C:/ST/STM32CubeIDE_2.1.0/STM32CubeIDE/plugins/com.st.stm32cube.ide.mcu.externaltools.gnu-tools-for-stm32.14.3.rel1.win32_1.0.100.202602081740/tools/bin/../lib/gcc/arm-none-eabi/14.3.1/../../../../arm-none-eabi/lib/thumb/v7e-m+dp/hard\libnosys.a
END GROUP
LOAD C:/ST/STM32CubeIDE_2.1.0/STM32CubeIDE/plugins/com.st.stm32cube.ide.mcu.externaltools.gnu-tools-for-stm32.14.3.rel1.win32_1.0.100.202602081740/tools/bin/../lib/gcc/arm-none-eabi/14.3.1/thumb/v7e-m+dp/hard/crtend.o
LOAD C:/ST/STM32CubeIDE_2.1.0/STM32CubeIDE/plugins/com.st.stm32cube.ide.mcu.externaltools.gnu-tools-for-stm32.14.3.rel1.win32_1.0.100.202602081740/tools/bin/../lib/gcc/arm-none-eabi/14.3.1/thumb/v7e-m+dp/hard/crtn.o
                0x24080000                        _estack = (ORIGIN (RAM_D1) + LENGTH (RAM_D1))
                0x00000200                        _Min_Heap_Size = 0x200
                0x00000400                        _Min_Stack_Size = 0x400

.isr_vector     0x08000000      0x298
                0x08000000                        . = ALIGN (0x4)
 *(.isr_vector)
 .isr_vector    0x08000000      0x298 ./Core/Startup/startup_stm32h753zitx.o
                0x08000000                g_pfnVectors
                0x08000298                        . = ALIGN (0x4)

.text           0x08000298     0xf368
                0x08000298                        . = ALIGN (0x4)
 *(.text)
 .text          0x08000298       0x40 C:/ST/STM32CubeIDE_2.1.0/STM32CubeIDE/plugins/com.st.stm32cube.ide.mcu.externaltools.gnu-tools-for-stm32.14.3.rel1.win32_1.0.100.202602081740/tools/bin/../lib/gcc/arm-none-eabi/14.3.1/thumb/v7e-m+dp/hard/crtbegin.o
 .text          0x080002d8       0x10 C:/ST/STM32CubeIDE_2.1.0/STM32CubeIDE/plugins/com.st.stm32cube.ide.mcu.externaltools.gnu-tools-for-stm32.14.3.rel1.win32_1.0.100.202602081740/tools/bin/../lib/gcc/arm-none-eabi/14.3.1/../../../../arm-none-eabi/lib/thumb/v7e-m+dp/hard\libc_nano.a(libc_a-strlen.o)
                0x080002d8                strlen
 .text          0x080002e8       0x30 C:/ST/STM32CubeIDE_2.1.0/STM32CubeIDE/plugins/com.st.stm32cube.ide.mcu.externaltools.gnu-tools-for-stm32.14.3.rel1.win32_1.0.100.202602081740/tools/bin/../lib/gcc/arm-none-eabi/14.3.1/thumb/v7e-m+dp/hard\libgcc.a(_aeabi_uldivmod.o)
                0x080002e8                __aeabi_uldivmod
 .text          0x08000318      0x2f8 C:/ST/STM32CubeIDE_2.1.0/STM32CubeIDE/plugins/com.st.stm32cube.ide.mcu.externaltools.gnu-tools-for-stm32.14.3.rel1.win32_1.0.100.202602081740/tools/bin/../lib/gcc/arm-none-eabi/14.3.1/thumb/v7e-m+dp/hard\libgcc.a(_udivmoddi4.o)
                0x08000318                __udivmoddi4
 .text          0x08000610        0x4 C:/ST/STM32CubeIDE_2.1.0/STM32CubeIDE/plugins/com.st.stm32cube.ide.mcu.externaltools.gnu-tools-for-stm32.14.3.rel1.win32_1.0.100.202602081740/tools/bin/../lib/gcc/arm-none-eabi/14.3.1/thumb/v7e-m+dp/hard\libgcc.a(_dvmd_tls.o)
                0x08000610                __aeabi_idiv0
                0x08000610                __aeabi_ldiv0
 *(.text*)
 .text.main     0x08000614      0x134 ./Core/Src/main.o
                0x08000614                main
 .text.SystemClock_Config
                0x08000748       0xd8 ./Core/Src/main.o
                0x08000748                SystemClock_Config
 .text.MX_USART2_UART_Init
                0x08000820       0x98 ./Core/Src/main.o
 .text.MX_GPIO_Init
                0x080008b8       0xc8 ./Core/Src/main.o
 .text.Error_Handler
                0x08000980        0xc ./Core/Src/main.o
                0x08000980                Error_Handler
 .text.HAL_MspInit
                0x0800098c       0x34 ./Core/Src/stm32h7xx_hal_msp.o
                0x0800098c                HAL_MspInit
 .text.HAL_UART_MspInit
                0x080009c0       0xd0 ./Core/Src/stm32h7xx_hal_msp.o
                0x080009c0                HAL_UART_MspInit
 .text.NMI_Handler
                0x08000a90        0x8 ./Core/Src/stm32h7xx_it.o
                0x08000a90                NMI_Handler
 .text.HardFault_Handler
                0x08000a98        0x8 ./Core/Src/stm32h7xx_it.o
                0x08000a98                HardFault_Handler
 .text.MemManage_Handler
                0x08000aa0        0x8 ./Core/Src/stm32h7xx_it.o
                0x08000aa0                MemManage_Handler
 .text.BusFault_Handler
                0x08000aa8        0x8 ./Core/Src/stm32h7xx_it.o
                0x08000aa8                BusFault_Handler
 .text.UsageFault_Handler
                0x08000ab0        0x8 ./Core/Src/stm32h7xx_it.o
                0x08000ab0                UsageFault_Handler
 .text.SVC_Handler
                0x08000ab8        0xe ./Core/Src/stm32h7xx_it.o
                0x08000ab8                SVC_Handler
 .text.DebugMon_Handler
                0x08000ac6        0xe ./Core/Src/stm32h7xx_it.o
                0x08000ac6                DebugMon_Handler
 .text.PendSV_Handler
                0x08000ad4        0xe ./Core/Src/stm32h7xx_it.o
                0x08000ad4                PendSV_Handler
 .text.SysTick_Handler
                0x08000ae2        0xc ./Core/Src/stm32h7xx_it.o
                0x08000ae2                SysTick_Handler
 .text.EXTI15_10_IRQHandler
                0x08000aee        0xe ./Core/Src/stm32h7xx_it.o
                0x08000aee                EXTI15_10_IRQHandler
 .text.OTG_FS_IRQHandler
                0x08000afc       0x14 ./Core/Src/stm32h7xx_it.o
                0x08000afc                OTG_FS_IRQHandler
 .text._sbrk    0x08000b10       0x6c ./Core/Src/sysmem.o
                0x08000b10                _sbrk
 .text.SystemInit
                0x08000b7c      0x140 ./Core/Src/system_stm32h7xx.o
                0x08000b7c                SystemInit
 .text.ExitRun0Mode
                0x08000cbc       0x18 ./Core/Src/system_stm32h7xx.o
                0x08000cbc                ExitRun0Mode
 .text.Reset_Handler
                0x08000cd4       0x54 ./Core/Startup/startup_stm32h753zitx.o
                0x08000cd4                Reset_Handler
 .text.Default_Handler
                0x08000d28        0x2 ./Core/Startup/startup_stm32h753zitx.o
                0x08000d28                RTC_Alarm_IRQHandler
                0x08000d28                HASH_RNG_IRQHandler
                0x08000d28                EXTI2_IRQHandler
                0x08000d28                TIM8_CC_IRQHandler
                0x08000d28                HRTIM1_Master_IRQHandler
                0x08000d28                UART8_IRQHandler
                0x08000d28                SPI4_IRQHandler
                0x08000d28                TIM1_CC_IRQHandler
                0x08000d28                BDMA_Channel6_IRQHandler
                0x08000d28                DMA2_Stream5_IRQHandler
                0x08000d28                HRTIM1_FLT_IRQHandler
                0x08000d28                JPEG_IRQHandler
                0x08000d28                DMA1_Stream5_IRQHandler
                0x08000d28                BDMA_Channel1_IRQHandler
                0x08000d28                HRTIM1_TIMD_IRQHandler
                0x08000d28                TAMP_STAMP_IRQHandler
                0x08000d28                EXTI3_IRQHandler
                0x08000d28                LPTIM4_IRQHandler
                0x08000d28                TIM8_TRG_COM_TIM14_IRQHandler
                0x08000d28                LPTIM2_IRQHandler
                0x08000d28                DFSDM1_FLT1_IRQHandler
                0x08000d28                DMAMUX2_OVR_IRQHandler
                0x08000d28                TIM8_UP_TIM13_IRQHandler
                0x08000d28                I2C3_ER_IRQHandler
                0x08000d28                DFSDM1_FLT2_IRQHandler
                0x08000d28                MDMA_IRQHandler
                0x08000d28                LPTIM3_IRQHandler
                0x08000d28                HSEM1_IRQHandler
                0x08000d28                EXTI0_IRQHandler
                0x08000d28                I2C2_EV_IRQHandler
                0x08000d28                DMA1_Stream2_IRQHandler
                0x08000d28                FPU_IRQHandler
                0x08000d28                OTG_HS_WKUP_IRQHandler
                0x08000d28                FDCAN1_IT1_IRQHandler
                0x08000d28                LTDC_ER_IRQHandler
                0x08000d28                DMA2_Stream2_IRQHandler
                0x08000d28                HRTIM1_TIME_IRQHandler
                0x08000d28                SPI1_IRQHandler
                0x08000d28                TIM6_DAC_IRQHandler
                0x08000d28                DCMI_IRQHandler
                0x08000d28                HRTIM1_TIMC_IRQHandler
                0x08000d28                DMA2_Stream3_IRQHandler
                0x08000d28                SAI2_IRQHandler
                0x08000d28                DFSDM1_FLT3_IRQHandler
                0x08000d28                USART6_IRQHandler
                0x08000d28                TIM17_IRQHandler
                0x08000d28                USART3_IRQHandler
                0x08000d28                BDMA_Channel7_IRQHandler
                0x08000d28                CRYP_IRQHandler
                0x08000d28                LPTIM5_IRQHandler
                0x08000d28                UART5_IRQHandler
                0x08000d28                ADC3_IRQHandler
                0x08000d28                DMA2_Stream0_IRQHandler
                0x08000d28                TIM4_IRQHandler
                0x08000d28                BDMA_Channel2_IRQHandler
                0x08000d28                QUADSPI_IRQHandler
                0x08000d28                I2C1_EV_IRQHandler
                0x08000d28                DMA1_Stream6_IRQHandler
                0x08000d28                DMAMUX1_OVR_IRQHandler
                0x08000d28                DMA1_Stream1_IRQHandler
                0x08000d28                TIM16_IRQHandler
                0x08000d28                UART4_IRQHandler
                0x08000d28                BDMA_Channel5_IRQHandler
                0x08000d28                TIM3_IRQHandler
                0x08000d28                RCC_IRQHandler
                0x08000d28                TIM8_BRK_TIM12_IRQHandler
                0x08000d28                TIM1_TRG_COM_IRQHandler
                0x08000d28                Default_Handler
                0x08000d28                ECC_IRQHandler
                0x08000d28                CEC_IRQHandler
                0x08000d28                BDMA_Channel0_IRQHandler
                0x08000d28                ADC_IRQHandler
                0x08000d28                DMA1_Stream7_IRQHandler
                0x08000d28                HRTIM1_TIMA_IRQHandler
                0x08000d28                SPI5_IRQHandler
                0x08000d28                TIM7_IRQHandler
                0x08000d28                SDMMC1_IRQHandler
                0x08000d28                TIM5_IRQHandler
                0x08000d28                DMA2_Stream7_IRQHandler
                0x08000d28                TIM15_IRQHandler
                0x08000d28                PVD_AVD_IRQHandler
                0x08000d28                I2C3_EV_IRQHandler
                0x08000d28                EXTI9_5_IRQHandler
                0x08000d28                RTC_WKUP_IRQHandler
                0x08000d28                LTDC_IRQHandler
                0x08000d28                SAI3_IRQHandler
                0x08000d28                ETH_WKUP_IRQHandler
                0x08000d28                SPDIF_RX_IRQHandler
                0x08000d28                SPI2_IRQHandler
                0x08000d28                OTG_HS_EP1_IN_IRQHandler
                0x08000d28                DMA1_Stream0_IRQHandler
                0x08000d28                CRS_IRQHandler
                0x08000d28                EXTI4_IRQHandler
                0x08000d28                HRTIM1_TIMB_IRQHandler
                0x08000d28                FDCAN2_IT1_IRQHandler
                0x08000d28                ETH_IRQHandler
                0x08000d28                TIM1_UP_IRQHandler
                0x08000d28                BDMA_Channel4_IRQHandler
                0x08000d28                OTG_HS_EP1_OUT_IRQHandler
                0x08000d28                WWDG_IRQHandler
                0x08000d28                SPI6_IRQHandler
                0x08000d28                MDIOS_IRQHandler
                0x08000d28                I2C4_EV_IRQHandler
                0x08000d28                FDCAN2_IT0_IRQHandler
                0x08000d28                LPUART1_IRQHandler
                0x08000d28                FDCAN1_IT0_IRQHandler
                0x08000d28                TIM2_IRQHandler
                0x08000d28                OTG_FS_WKUP_IRQHandler
                0x08000d28                OTG_HS_IRQHandler
                0x08000d28                DMA2D_IRQHandler
                0x08000d28                TIM1_BRK_IRQHandler
                0x08000d28                EXTI1_IRQHandler
                0x08000d28                SDMMC2_IRQHandler
                0x08000d28                OTG_FS_EP1_OUT_IRQHandler
                0x08000d28                BDMA_Channel3_IRQHandler
                0x08000d28                UART7_IRQHandler
                0x08000d28                MDIOS_WKUP_IRQHandler
                0x08000d28                USART2_IRQHandler
                0x08000d28                DFSDM1_FLT0_IRQHandler
                0x08000d28                SAI4_IRQHandler
                0x08000d28                I2C2_ER_IRQHandler
                0x08000d28                DMA2_Stream1_IRQHandler
                0x08000d28                FLASH_IRQHandler
                0x08000d28                DMA2_Stream4_IRQHandler
                0x08000d28                USART1_IRQHandler
                0x08000d28                SPI3_IRQHandler
                0x08000d28                WAKEUP_PIN_IRQHandler
                0x08000d28                DMA1_Stream4_IRQHandler
                0x08000d28                OTG_FS_EP1_IN_IRQHandler
                0x08000d28                I2C1_ER_IRQHandler
                0x08000d28                FMC_IRQHandler
                0x08000d28                FDCAN_CAL_IRQHandler
                0x08000d28                SWPMI1_IRQHandler
                0x08000d28                COMP1_IRQHandler
                0x08000d28                LPTIM1_IRQHandler
                0x08000d28                I2C4_ER_IRQHandler
                0x08000d28                DMA2_Stream6_IRQHandler
                0x08000d28                SAI1_IRQHandler
                0x08000d28                DMA1_Stream3_IRQHandler
 *fill*         0x08000d2a        0x2 
 .text.BSP_LED_Init
                0x08000d2c       0xec ./Drivers/BSP/STM32H7xx_Nucleo/stm32h7xx_nucleo.o
                0x08000d2c                BSP_LED_Init
 .text.BSP_PB_Init
                0x08000e18       0xe4 ./Drivers/BSP/STM32H7xx_Nucleo/stm32h7xx_nucleo.o
                0x08000e18                BSP_PB_Init
 .text.BSP_PB_IRQHandler
                0x08000efc       0x24 ./Drivers/BSP/STM32H7xx_Nucleo/stm32h7xx_nucleo.o
                0x08000efc                BSP_PB_IRQHandler
 .text.BSP_PB_Callback
                0x08000f20       0x16 ./Drivers/BSP/STM32H7xx_Nucleo/stm32h7xx_nucleo.o
                0x08000f20                BSP_PB_Callback
 *fill*         0x08000f36        0x2 
 .text.BSP_COM_Init
                0x08000f38       0x60 ./Drivers/BSP/STM32H7xx_Nucleo/stm32h7xx_nucleo.o
                0x08000f38                BSP_COM_Init
 .text.MX_USART3_Init
                0x08000f98       0x64 ./Drivers/BSP/STM32H7xx_Nucleo/stm32h7xx_nucleo.o
                0x08000f98                MX_USART3_Init
 .text.BUTTON_USER_EXTI_Callback
                0x08000ffc        0xe ./Drivers/BSP/STM32H7xx_Nucleo/stm32h7xx_nucleo.o
 *fill*         0x0800100a        0x2 
 .text.COM1_MspInit
                0x0800100c       0xb0 ./Drivers/BSP/STM32H7xx_Nucleo/stm32h7xx_nucleo.o
 .text.HAL_Init
                0x080010bc       0x78 ./Drivers/STM32H7xx_HAL_Driver/Src/stm32h7xx_hal.o
                0x080010bc                HAL_Init
 .text.HAL_InitTick
                0x08001134       0x6c ./Drivers/STM32H7xx_HAL_Driver/Src/stm32h7xx_hal.o
                0x08001134                HAL_InitTick
 .text.HAL_IncTick
                0x080011a0       0x28 ./Drivers/STM32H7xx_HAL_Driver/Src/stm32h7xx_hal.o
                0x080011a0                HAL_IncTick
 .text.HAL_GetTick
                0x080011c8       0x18 ./Drivers/STM32H7xx_HAL_Driver/Src/stm32h7xx_hal.o
                0x080011c8                HAL_GetTick
 .text.HAL_Delay
                0x080011e0       0x48 ./Drivers/STM32H7xx_HAL_Driver/Src/stm32h7xx_hal.o
                0x080011e0                HAL_Delay
 .text.HAL_GetREVID
                0x08001228       0x18 ./Drivers/STM32H7xx_HAL_Driver/Src/stm32h7xx_hal.o
                0x08001228                HAL_GetREVID
 .text.__NVIC_SetPriorityGrouping
                0x08001240       0x48 ./Drivers/STM32H7xx_HAL_Driver/Src/stm32h7xx_hal_cortex.o
 .text.__NVIC_GetPriorityGrouping
                0x08001288       0x1c ./Drivers/STM32H7xx_HAL_Driver/Src/stm32h7xx_hal_cortex.o
 .text.__NVIC_EnableIRQ
                0x080012a4       0x3c ./Drivers/STM32H7xx_HAL_Driver/Src/stm32h7xx_hal_cortex.o
 .text.__NVIC_SetPriority
                0x080012e0       0x54 ./Drivers/STM32H7xx_HAL_Driver/Src/stm32h7xx_hal_cortex.o
 .text.NVIC_EncodePriority
                0x08001334       0x66 ./Drivers/STM32H7xx_HAL_Driver/Src/stm32h7xx_hal_cortex.o
 *fill*         0x0800139a        0x2 
 .text.SysTick_Config
                0x0800139c       0x44 ./Drivers/STM32H7xx_HAL_Driver/Src/stm32h7xx_hal_cortex.o
 .text.HAL_NVIC_SetPriorityGrouping
                0x080013e0       0x16 ./Drivers/STM32H7xx_HAL_Driver/Src/stm32h7xx_hal_cortex.o
                0x080013e0                HAL_NVIC_SetPriorityGrouping
 .text.HAL_NVIC_SetPriority
                0x080013f6       0x34 ./Drivers/STM32H7xx_HAL_Driver/Src/stm32h7xx_hal_cortex.o
                0x080013f6                HAL_NVIC_SetPriority
 .text.HAL_NVIC_EnableIRQ
                0x0800142a       0x1c ./Drivers/STM32H7xx_HAL_Driver/Src/stm32h7xx_hal_cortex.o
                0x0800142a                HAL_NVIC_EnableIRQ
 .text.HAL_SYSTICK_Config
                0x08001446       0x18 ./Drivers/STM32H7xx_HAL_Driver/Src/stm32h7xx_hal_cortex.o
                0x08001446                HAL_SYSTICK_Config
 .text.HAL_EXTI_RegisterCallback
                0x0800145e       0x3e ./Drivers/STM32H7xx_HAL_Driver/Src/stm32h7xx_hal_exti.o
                0x0800145e                HAL_EXTI_RegisterCallback
 .text.HAL_EXTI_GetHandle
                0x0800149c       0x28 ./Drivers/STM32H7xx_HAL_Driver/Src/stm32h7xx_hal_exti.o
                0x0800149c                HAL_EXTI_GetHandle
 .text.HAL_EXTI_IRQHandler
                0x080014c4       0x60 ./Drivers/STM32H7xx_HAL_Driver/Src/stm32h7xx_hal_exti.o
                0x080014c4                HAL_EXTI_IRQHandler
 .text.HAL_GPIO_Init
                0x08001524      0x374 ./Drivers/STM32H7xx_HAL_Driver/Src/stm32h7xx_hal_gpio.o
                0x08001524                HAL_GPIO_Init
 .text.HAL_GPIO_WritePin
                0x08001898       0x32 ./Drivers/STM32H7xx_HAL_Driver/Src/stm32h7xx_hal_gpio.o
                0x08001898                HAL_GPIO_WritePin
 .text.HAL_HCD_Init
                0x080018ca       0xba ./Drivers/STM32H7xx_HAL_Driver/Src/stm32h7xx_hal_hcd.o
                0x080018ca                HAL_HCD_Init
 .text.HAL_HCD_HC_Init
                0x08001984      0x13a ./Drivers/STM32H7xx_HAL_Driver/Src/stm32h7xx_hal_hcd.o
                0x08001984                HAL_HCD_HC_Init
 .text.HAL_HCD_HC_Halt
                0x08001abe       0x46 ./Drivers/STM32H7xx_HAL_Driver/Src/stm32h7xx_hal_hcd.o
                0x08001abe                HAL_HCD_HC_Halt
 .text.HAL_HCD_HC_SubmitRequest
                0x08001b04      0x278 ./Drivers/STM32H7xx_HAL_Driver/Src/stm32h7xx_hal_hcd.o
                0x08001b04                HAL_HCD_HC_SubmitRequest
 .text.HAL_HCD_IRQHandler
                0x08001d7c      0x220 ./Drivers/STM32H7xx_HAL_Driver/Src/stm32h7xx_hal_hcd.o
                0x08001d7c                HAL_HCD_IRQHandler
 .text.HAL_HCD_Start
                0x08001f9c       0x46 ./Drivers/STM32H7xx_HAL_Driver/Src/stm32h7xx_hal_hcd.o
                0x08001f9c                HAL_HCD_Start
 .text.HAL_HCD_Stop
                0x08001fe2       0x3a ./Drivers/STM32H7xx_HAL_Driver/Src/stm32h7xx_hal_hcd.o
                0x08001fe2                HAL_HCD_Stop
 .text.HAL_HCD_ResetPort
                0x0800201c       0x1c ./Drivers/STM32H7xx_HAL_Driver/Src/stm32h7xx_hal_hcd.o
                0x0800201c                HAL_HCD_ResetPort
 .text.HAL_HCD_HC_GetURBState
                0x08002038       0x24 ./Drivers/STM32H7xx_HAL_Driver/Src/stm32h7xx_hal_hcd.o
                0x08002038                HAL_HCD_HC_GetURBState
 .text.HAL_HCD_HC_GetXferCount
                0x0800205c       0x24 ./Drivers/STM32H7xx_HAL_Driver/Src/stm32h7xx_hal_hcd.o
                0x0800205c                HAL_HCD_HC_GetXferCount
 .text.HAL_HCD_GetCurrentFrame
                0x08002080       0x1c ./Drivers/STM32H7xx_HAL_Driver/Src/stm32h7xx_hal_hcd.o
                0x08002080                HAL_HCD_GetCurrentFrame
 .text.HAL_HCD_GetCurrentSpeed
                0x0800209c       0x1c ./Drivers/STM32H7xx_HAL_Driver/Src/stm32h7xx_hal_hcd.o
                0x0800209c                HAL_HCD_GetCurrentSpeed
 .text.HAL_HCD_HC_ClearHubInfo
                0x080020b8       0x52 ./Drivers/STM32H7xx_HAL_Driver/Src/stm32h7xx_hal_hcd.o
                0x080020b8                HAL_HCD_HC_ClearHubInfo
 .text.HCD_HC_IN_IRQHandler
                0x0800210a      0xb48 ./Drivers/STM32H7xx_HAL_Driver/Src/stm32h7xx_hal_hcd.o
 .text.HCD_HC_OUT_IRQHandler
                0x08002c52      0x7d8 ./Drivers/STM32H7xx_HAL_Driver/Src/stm32h7xx_hal_hcd.o
 .text.HCD_RXQLVL_IRQHandler
                0x0800342a      0x174 ./Drivers/STM32H7xx_HAL_Driver/Src/stm32h7xx_hal_hcd.o
 .text.HCD_Port_IRQHandler
                0x0800359e       0xe6 ./Drivers/STM32H7xx_HAL_Driver/Src/stm32h7xx_hal_hcd.o
 .text.HAL_PWREx_ConfigSupply
                0x08003684       0x74 ./Drivers/STM32H7xx_HAL_Driver/Src/stm32h7xx_hal_pwr_ex.o
                0x08003684                HAL_PWREx_ConfigSupply
 .text.HAL_PWREx_EnableUSBVoltageDetector
                0x080036f8       0x20 ./Drivers/STM32H7xx_HAL_Driver/Src/stm32h7xx_hal_pwr_ex.o
                0x080036f8                HAL_PWREx_EnableUSBVoltageDetector
 .text.HAL_RCC_OscConfig
                0x08003718      0x8b4 ./Drivers/STM32H7xx_HAL_Driver/Src/stm32h7xx_hal_rcc.o
                0x08003718                HAL_RCC_OscConfig
 .text.HAL_RCC_ClockConfig
                0x08003fcc      0x36c ./Drivers/STM32H7xx_HAL_Driver/Src/stm32h7xx_hal_rcc.o
                0x08003fcc                HAL_RCC_ClockConfig
 .text.HAL_RCC_GetSysClockFreq
                0x08004338      0x2f4 ./Drivers/STM32H7xx_HAL_Driver/Src/stm32h7xx_hal_rcc.o
                0x08004338                HAL_RCC_GetSysClockFreq
 .text.HAL_RCC_GetHCLKFreq
                0x0800462c       0x60 ./Drivers/STM32H7xx_HAL_Driver/Src/stm32h7xx_hal_rcc.o
                0x0800462c                HAL_RCC_GetHCLKFreq
 .text.HAL_RCC_GetPCLK1Freq
                0x0800468c       0x2c ./Drivers/STM32H7xx_HAL_Driver/Src/stm32h7xx_hal_rcc.o
                0x0800468c                HAL_RCC_GetPCLK1Freq
 .text.HAL_RCC_GetPCLK2Freq
                0x080046b8       0x2c ./Drivers/STM32H7xx_HAL_Driver/Src/stm32h7xx_hal_rcc.o
                0x080046b8                HAL_RCC_GetPCLK2Freq
 .text.HAL_RCCEx_PeriphCLKConfig
                0x080046e4     0x1414 ./Drivers/STM32H7xx_HAL_Driver/Src/stm32h7xx_hal_rcc_ex.o
                0x080046e4                HAL_RCCEx_PeriphCLKConfig
 .text.HAL_RCCEx_GetD3PCLK1Freq
                0x08005af8       0x2c ./Drivers/STM32H7xx_HAL_Driver/Src/stm32h7xx_hal_rcc_ex.o
                0x08005af8                HAL_RCCEx_GetD3PCLK1Freq
 .text.HAL_RCCEx_GetPLL2ClockFreq
                0x08005b24      0x2a8 ./Drivers/STM32H7xx_HAL_Driver/Src/stm32h7xx_hal_rcc_ex.o
                0x08005b24                HAL_RCCEx_GetPLL2ClockFreq
 .text.HAL_RCCEx_GetPLL3ClockFreq
                0x08005dcc      0x2a8 ./Drivers/STM32H7xx_HAL_Driver/Src/stm32h7xx_hal_rcc_ex.o
                0x08005dcc                HAL_RCCEx_GetPLL3ClockFreq
 .text.RCCEx_PLL2_Config
                0x08006074      0x164 ./Drivers/STM32H7xx_HAL_Driver/Src/stm32h7xx_hal_rcc_ex.o
 .text.RCCEx_PLL3_Config
                0x080061d8      0x164 ./Drivers/STM32H7xx_HAL_Driver/Src/stm32h7xx_hal_rcc_ex.o
 .text.HAL_UART_Init
                0x0800633c       0xa0 ./Drivers/STM32H7xx_HAL_Driver/Src/stm32h7xx_hal_uart.o
                0x0800633c                HAL_UART_Init
 .text.HAL_UART_Transmit
                0x080063dc      0x132 ./Drivers/STM32H7xx_HAL_Driver/Src/stm32h7xx_hal_uart.o
                0x080063dc                HAL_UART_Transmit
 .text.HAL_UART_Receive
                0x0800650e      0x1a0 ./Drivers/STM32H7xx_HAL_Driver/Src/stm32h7xx_hal_uart.o
                0x0800650e                HAL_UART_Receive
 *fill*         0x080066ae        0x2 
 .text.UART_SetConfig
                0x080066b0      0xad0 ./Drivers/STM32H7xx_HAL_Driver/Src/stm32h7xx_hal_uart.o
                0x080066b0                UART_SetConfig
 .text.UART_AdvFeatureConfig
                0x08007180      0x144 ./Drivers/STM32H7xx_HAL_Driver/Src/stm32h7xx_hal_uart.o
                0x08007180                UART_AdvFeatureConfig
 .text.UART_CheckIdleState
                0x080072c4      0x154 ./Drivers/STM32H7xx_HAL_Driver/Src/stm32h7xx_hal_uart.o
                0x080072c4                UART_CheckIdleState
 .text.UART_WaitOnFlagUntilTimeout
                0x08007418       0xda ./Drivers/STM32H7xx_HAL_Driver/Src/stm32h7xx_hal_uart.o
                0x08007418                UART_WaitOnFlagUntilTimeout
 *fill*         0x080074f2        0x2 
 .text.UART_EndRxTransfer
                0x080074f4       0xcc ./Drivers/STM32H7xx_HAL_Driver/Src/stm32h7xx_hal_uart.o
 .text.HAL_UARTEx_DisableFifoMode
                0x080075c0       0x72 ./Drivers/STM32H7xx_HAL_Driver/Src/stm32h7xx_hal_uart_ex.o
                0x080075c0                HAL_UARTEx_DisableFifoMode
 .text.HAL_UARTEx_SetTxFifoThreshold
                0x08007632       0x7c ./Drivers/STM32H7xx_HAL_Driver/Src/stm32h7xx_hal_uart_ex.o
                0x08007632                HAL_UARTEx_SetTxFifoThreshold
 .text.HAL_UARTEx_SetRxFifoThreshold
                0x080076ae       0x7c ./Drivers/STM32H7xx_HAL_Driver/Src/stm32h7xx_hal_uart_ex.o
                0x080076ae                HAL_UARTEx_SetRxFifoThreshold
 *fill*         0x0800772a        0x2 
 .text.UARTEx_SetNbDataToProcess
                0x0800772c       0x9c ./Drivers/STM32H7xx_HAL_Driver/Src/stm32h7xx_hal_uart_ex.o
 .text.USB_CoreInit
                0x080077c8       0xf0 ./Drivers/STM32H7xx_HAL_Driver/Src/stm32h7xx_ll_usb.o
                0x080077c8                USB_CoreInit
 .text.USB_EnableGlobalInt
                0x080078b8       0x22 ./Drivers/STM32H7xx_HAL_Driver/Src/stm32h7xx_ll_usb.o
                0x080078b8                USB_EnableGlobalInt
 .text.USB_DisableGlobalInt
                0x080078da       0x22 ./Drivers/STM32H7xx_HAL_Driver/Src/stm32h7xx_ll_usb.o
                0x080078da                USB_DisableGlobalInt
 .text.USB_SetCurrentMode
                0x080078fc       0x98 ./Drivers/STM32H7xx_HAL_Driver/Src/stm32h7xx_ll_usb.o
                0x080078fc                USB_SetCurrentMode
 .text.USB_FlushTxFifo
                0x08007994       0x64 ./Drivers/STM32H7xx_HAL_Driver/Src/stm32h7xx_ll_usb.o
                0x08007994                USB_FlushTxFifo
 .text.USB_FlushRxFifo
                0x080079f8       0x5c ./Drivers/STM32H7xx_HAL_Driver/Src/stm32h7xx_ll_usb.o
                0x080079f8                USB_FlushRxFifo
 .text.USB_WritePacket
                0x08007a54       0x7c ./Drivers/STM32H7xx_HAL_Driver/Src/stm32h7xx_ll_usb.o
                0x08007a54                USB_WritePacket
 .text.USB_ReadPacket
                0x08007ad0       0xb0 ./Drivers/STM32H7xx_HAL_Driver/Src/stm32h7xx_ll_usb.o
                0x08007ad0                USB_ReadPacket
 .text.USB_ReadInterrupts
                0x08007b80       0x26 ./Drivers/STM32H7xx_HAL_Driver/Src/stm32h7xx_ll_usb.o
                0x08007b80                USB_ReadInterrupts
 .text.USB_ReadChInterrupts
                0x08007ba6       0x42 ./Drivers/STM32H7xx_HAL_Driver/Src/stm32h7xx_ll_usb.o
                0x08007ba6                USB_ReadChInterrupts
 .text.USB_GetMode
                0x08007be8       0x1c ./Drivers/STM32H7xx_HAL_Driver/Src/stm32h7xx_ll_usb.o
                0x08007be8                USB_GetMode
 .text.USB_CoreReset
                0x08007c04       0x70 ./Drivers/STM32H7xx_HAL_Driver/Src/stm32h7xx_ll_usb.o
 .text.USB_HostInit
                0x08007c74      0x154 ./Drivers/STM32H7xx_HAL_Driver/Src/stm32h7xx_ll_usb.o
                0x08007c74                USB_HostInit
 .text.USB_InitFSLSPClkSel
                0x08007dc8       0x7a ./Drivers/STM32H7xx_HAL_Driver/Src/stm32h7xx_ll_usb.o
                0x08007dc8                USB_InitFSLSPClkSel
 .text.USB_ResetPort
                0x08007e42       0x54 ./Drivers/STM32H7xx_HAL_Driver/Src/stm32h7xx_ll_usb.o
                0x08007e42                USB_ResetPort
 .text.USB_DriveVbus
                0x08007e96       0x72 ./Drivers/STM32H7xx_HAL_Driver/Src/stm32h7xx_ll_usb.o
                0x08007e96                USB_DriveVbus
 .text.USB_GetHostSpeed
                0x08007f08       0x2e ./Drivers/STM32H7xx_HAL_Driver/Src/stm32h7xx_ll_usb.o
                0x08007f08                USB_GetHostSpeed
 .text.USB_GetCurrentFrame
                0x08007f36       0x22 ./Drivers/STM32H7xx_HAL_Driver/Src/stm32h7xx_ll_usb.o
                0x08007f36                USB_GetCurrentFrame
 .text.USB_HC_Init
                0x08007f58      0x248 ./Drivers/STM32H7xx_HAL_Driver/Src/stm32h7xx_ll_usb.o
                0x08007f58                USB_HC_Init
 .text.USB_HC_StartXfer
                0x080081a0      0x4e8 ./Drivers/STM32H7xx_HAL_Driver/Src/stm32h7xx_ll_usb.o
                0x080081a0                USB_HC_StartXfer
 .text.USB_HC_ReadInterrupt
                0x08008688       0x22 ./Drivers/STM32H7xx_HAL_Driver/Src/stm32h7xx_ll_usb.o
                0x08008688                USB_HC_ReadInterrupt
 .text.USB_HC_Halt
                0x080086aa      0x240 ./Drivers/STM32H7xx_HAL_Driver/Src/stm32h7xx_ll_usb.o
                0x080086aa                USB_HC_Halt
 *fill*         0x080088ea        0x2 
 .text.USB_DoPing
                0x080088ec       0x78 ./Drivers/STM32H7xx_HAL_Driver/Src/stm32h7xx_ll_usb.o
                0x080088ec                USB_DoPing
 .text.USB_StopHost
                0x08008964      0x124 ./Drivers/STM32H7xx_HAL_Driver/Src/stm32h7xx_ll_usb.o
                0x08008964                USB_StopHost
 .text.MX_FATFS_Init
                0x08008a88       0x24 ./FATFS/App/fatfs.o
                0x08008a88                MX_FATFS_Init
 .text.get_fattime
                0x08008aac       0x10 ./FATFS/App/fatfs.o
                0x08008aac                get_fattime
 .text.USBH_initialize
                0x08008abc       0x18 ./FATFS/Target/usbh_diskio.o
                0x08008abc                USBH_initialize
 .text.USBH_status
                0x08008ad4       0x38 ./FATFS/Target/usbh_diskio.o
                0x08008ad4                USBH_status
 .text.USBH_read
                0x08008b0c       0x74 ./FATFS/Target/usbh_diskio.o
                0x08008b0c                USBH_read
 .text.USBH_write
                0x08008b80       0x84 ./FATFS/Target/usbh_diskio.o
                0x08008b80                USBH_write
 .text.USBH_ioctl
                0x08008c04       0xd8 ./FATFS/Target/usbh_diskio.o
                0x08008c04                USBH_ioctl
 .text.USBH_MSC_InterfaceInit
                0x08008cdc      0x244 ./Middlewares/ST/STM32_USB_Host_Library/Class/MSC/Src/usbh_msc.o
 .text.USBH_MSC_InterfaceDeInit
                0x08008f20       0x8c ./Middlewares/ST/STM32_USB_Host_Library/Class/MSC/Src/usbh_msc.o
 .text.USBH_MSC_ClassRequest
                0x08008fac       0xce ./Middlewares/ST/STM32_USB_Host_Library/Class/MSC/Src/usbh_msc.o
 *fill*         0x0800907a        0x2 
 .text.USBH_MSC_Process
                0x0800907c      0x5d0 ./Middlewares/ST/STM32_USB_Host_Library/Class/MSC/Src/usbh_msc.o
 .text.USBH_MSC_SOFProcess
                0x0800964c       0x16 ./Middlewares/ST/STM32_USB_Host_Library/Class/MSC/Src/usbh_msc.o
 .text.USBH_MSC_RdWrProcess
                0x08009662      0x1c4 ./Middlewares/ST/STM32_USB_Host_Library/Class/MSC/Src/usbh_msc.o
 .text.USBH_MSC_UnitIsReady
                0x08009826       0x56 ./Middlewares/ST/STM32_USB_Host_Library/Class/MSC/Src/usbh_msc.o
                0x08009826                USBH_MSC_UnitIsReady
 .text.USBH_MSC_GetLUNInfo
                0x0800987c       0x52 ./Middlewares/ST/STM32_USB_Host_Library/Class/MSC/Src/usbh_msc.o
                0x0800987c                USBH_MSC_GetLUNInfo
 .text.USBH_MSC_Read
                0x080098ce       0xc0 ./Middlewares/ST/STM32_USB_Host_Library/Class/MSC/Src/usbh_msc.o
                0x080098ce                USBH_MSC_Read
 .text.USBH_MSC_Write
                0x0800998e       0xc0 ./Middlewares/ST/STM32_USB_Host_Library/Class/MSC/Src/usbh_msc.o
                0x0800998e                USBH_MSC_Write
 .text.USBH_MSC_BOT_REQ_Reset
                0x08009a4e       0x3a ./Middlewares/ST/STM32_USB_Host_Library/Class/MSC/Src/usbh_msc_bot.o
                0x08009a4e                USBH_MSC_BOT_REQ_Reset
 .text.USBH_MSC_BOT_REQ_GetMaxLUN
                0x08009a88       0x3c ./Middlewares/ST/STM32_USB_Host_Library/Class/MSC/Src/usbh_msc_bot.o
                0x08009a88                USBH_MSC_BOT_REQ_GetMaxLUN
 .text.USBH_MSC_BOT_Init
                0x08009ac4       0x44 ./Middlewares/ST/STM32_USB_Host_Library/Class/MSC/Src/usbh_msc_bot.o
                0x08009ac4                USBH_MSC_BOT_Init
 .text.USBH_MSC_BOT_Process
                0x08009b08      0x39c ./Middlewares/ST/STM32_USB_Host_Library/Class/MSC/Src/usbh_msc_bot.o
                0x08009b08                USBH_MSC_BOT_Process
 .text.USBH_MSC_BOT_Abort
                0x08009ea4       0x58 ./Middlewares/ST/STM32_USB_Host_Library/Class/MSC/Src/usbh_msc_bot.o
 .text.USBH_MSC_DecodeCSW
                0x08009efc       0x88 ./Middlewares/ST/STM32_USB_Host_Library/Class/MSC/Src/usbh_msc_bot.o
 .text.USBH_MSC_SCSI_TestUnitReady
                0x08009f84       0x86 ./Middlewares/ST/STM32_USB_Host_Library/Class/MSC/Src/usbh_msc_scsi.o
                0x08009f84                USBH_MSC_SCSI_TestUnitReady
 .text.USBH_MSC_SCSI_ReadCapacity
                0x0800a00a       0xf4 ./Middlewares/ST/STM32_USB_Host_Library/Class/MSC/Src/usbh_msc_scsi.o
                0x0800a00a                USBH_MSC_SCSI_ReadCapacity
 .text.USBH_MSC_SCSI_Inquiry
                0x0800a0fe      0x14a ./Middlewares/ST/STM32_USB_Host_Library/Class/MSC/Src/usbh_msc_scsi.o
                0x0800a0fe                USBH_MSC_SCSI_Inquiry
 .text.USBH_MSC_SCSI_RequestSense
                0x0800a248       0xfe ./Middlewares/ST/STM32_USB_Host_Library/Class/MSC/Src/usbh_msc_scsi.o
                0x0800a248                USBH_MSC_SCSI_RequestSense
 .text.USBH_MSC_SCSI_Write
                0x0800a346       0xe0 ./Middlewares/ST/STM32_USB_Host_Library/Class/MSC/Src/usbh_msc_scsi.o
                0x0800a346                USBH_MSC_SCSI_Write
 .text.USBH_MSC_SCSI_Read
                0x0800a426       0xe0 ./Middlewares/ST/STM32_USB_Host_Library/Class/MSC/Src/usbh_msc_scsi.o
                0x0800a426                USBH_MSC_SCSI_Read
 .text.USBH_Init
                0x0800a506       0x74 ./Middlewares/ST/STM32_USB_Host_Library/Core/Src/usbh_core.o
                0x0800a506                USBH_Init
 .text.DeInitStateMachine
                0x0800a57a       0xe2 ./Middlewares/ST/STM32_USB_Host_Library/Core/Src/usbh_core.o
 .text.USBH_RegisterClass
                0x0800a65c       0x54 ./Middlewares/ST/STM32_USB_Host_Library/Core/Src/usbh_core.o
                0x0800a65c                USBH_RegisterClass
 .text.USBH_SelectInterface
                0x0800a6b0       0x38 ./Middlewares/ST/STM32_USB_Host_Library/Core/Src/usbh_core.o
                0x0800a6b0                USBH_SelectInterface
 .text.USBH_FindInterface
                0x0800a6e8       0x8c ./Middlewares/ST/STM32_USB_Host_Library/Core/Src/usbh_core.o
                0x0800a6e8                USBH_FindInterface
 .text.USBH_Start
                0x0800a774       0x20 ./Middlewares/ST/STM32_USB_Host_Library/Core/Src/usbh_core.o
                0x0800a774                USBH_Start
 .text.USBH_Process
                0x0800a794      0x3e0 ./Middlewares/ST/STM32_USB_Host_Library/Core/Src/usbh_core.o
                0x0800a794                USBH_Process
 .text.USBH_HandleEnum
                0x0800ab74      0x3c0 ./Middlewares/ST/STM32_USB_Host_Library/Core/Src/usbh_core.o
 .text.USBH_LL_SetTimer
                0x0800af34       0x1e ./Middlewares/ST/STM32_USB_Host_Library/Core/Src/usbh_core.o
                0x0800af34                USBH_LL_SetTimer
 .text.USBH_LL_IncTimer
                0x0800af52       0x24 ./Middlewares/ST/STM32_USB_Host_Library/Core/Src/usbh_core.o
                0x0800af52                USBH_LL_IncTimer
 .text.USBH_HandleSof
                0x0800af76       0x30 ./Middlewares/ST/STM32_USB_Host_Library/Core/Src/usbh_core.o
 .text.USBH_LL_PortEnabled
                0x0800afa6       0x1c ./Middlewares/ST/STM32_USB_Host_Library/Core/Src/usbh_core.o
                0x0800afa6                USBH_LL_PortEnabled
 .text.USBH_LL_PortDisabled
                0x0800afc2       0x1c ./Middlewares/ST/STM32_USB_Host_Library/Core/Src/usbh_core.o
                0x0800afc2                USBH_LL_PortDisabled
 .text.USBH_LL_Connect
                0x0800afde       0x2e ./Middlewares/ST/STM32_USB_Host_Library/Core/Src/usbh_core.o
                0x0800afde                USBH_LL_Connect
 .text.USBH_LL_Disconnect
                0x0800b00c       0x48 ./Middlewares/ST/STM32_USB_Host_Library/Core/Src/usbh_core.o
                0x0800b00c                USBH_LL_Disconnect
 .text.USBH_Get_DevDesc
                0x0800b054       0x58 ./Middlewares/ST/STM32_USB_Host_Library/Core/Src/usbh_ctlreq.o
                0x0800b054                USBH_Get_DevDesc
 .text.USBH_Get_CfgDesc
                0x0800b0ac       0x54 ./Middlewares/ST/STM32_USB_Host_Library/Core/Src/usbh_ctlreq.o
                0x0800b0ac                USBH_Get_CfgDesc
 .text.USBH_Get_StringDesc
                0x0800b100       0x68 ./Middlewares/ST/STM32_USB_Host_Library/Core/Src/usbh_ctlreq.o
                0x0800b100                USBH_Get_StringDesc
 .text.USBH_GetDescriptor
                0x0800b168       0x6a ./Middlewares/ST/STM32_USB_Host_Library/Core/Src/usbh_ctlreq.o
                0x0800b168                USBH_GetDescriptor
 .text.USBH_SetAddress
                0x0800b1d2       0x48 ./Middlewares/ST/STM32_USB_Host_Library/Core/Src/usbh_ctlreq.o
                0x0800b1d2                USBH_SetAddress
 .text.USBH_SetCfg
                0x0800b21a       0x46 ./Middlewares/ST/STM32_USB_Host_Library/Core/Src/usbh_ctlreq.o
                0x0800b21a                USBH_SetCfg
 .text.USBH_SetFeature
                0x0800b260       0x48 ./Middlewares/ST/STM32_USB_Host_Library/Core/Src/usbh_ctlreq.o
                0x0800b260                USBH_SetFeature
 .text.USBH_ClrFeature
                0x0800b2a8       0x48 ./Middlewares/ST/STM32_USB_Host_Library/Core/Src/usbh_ctlreq.o
                0x0800b2a8                USBH_ClrFeature
 .text.USBH_ParseDevDesc
                0x0800b2f0      0x160 ./Middlewares/ST/STM32_USB_Host_Library/Core/Src/usbh_ctlreq.o
 .text.USBH_ParseCfgDesc
                0x0800b450      0x1f8 ./Middlewares/ST/STM32_USB_Host_Library/Core/Src/usbh_ctlreq.o
 .text.USBH_ParseInterfaceDesc
                0x0800b648       0x5e ./Middlewares/ST/STM32_USB_Host_Library/Core/Src/usbh_ctlreq.o
 .text.USBH_ParseEPDesc
                0x0800b6a6      0x1d0 ./Middlewares/ST/STM32_USB_Host_Library/Core/Src/usbh_ctlreq.o
 .text.USBH_ParseStringDesc
                0x0800b876       0x66 ./Middlewares/ST/STM32_USB_Host_Library/Core/Src/usbh_ctlreq.o
 .text.USBH_GetNextDesc
                0x0800b8dc       0x34 ./Middlewares/ST/STM32_USB_Host_Library/Core/Src/usbh_ctlreq.o
                0x0800b8dc                USBH_GetNextDesc
 .text.USBH_CtlReq
                0x0800b910       0x7a ./Middlewares/ST/STM32_USB_Host_Library/Core/Src/usbh_ctlreq.o
                0x0800b910                USBH_CtlReq
 *fill*         0x0800b98a        0x2 
 .text.USBH_HandleControl
                0x0800b98c      0x2ec ./Middlewares/ST/STM32_USB_Host_Library/Core/Src/usbh_ctlreq.o
 .text.USBH_CtlSendSetup
                0x0800bc78       0x34 ./Middlewares/ST/STM32_USB_Host_Library/Core/Src/usbh_ioreq.o
                0x0800bc78                USBH_CtlSendSetup
 .text.USBH_CtlSendData
                0x0800bcac       0x4a ./Middlewares/ST/STM32_USB_Host_Library/Core/Src/usbh_ioreq.o
                0x0800bcac                USBH_CtlSendData
 .text.USBH_CtlReceiveData
                0x0800bcf6       0x3c ./Middlewares/ST/STM32_USB_Host_Library/Core/Src/usbh_ioreq.o
                0x0800bcf6                USBH_CtlReceiveData
 .text.USBH_BulkSendData
                0x0800bd32       0x4a ./Middlewares/ST/STM32_USB_Host_Library/Core/Src/usbh_ioreq.o
                0x0800bd32                USBH_BulkSendData
 .text.USBH_BulkReceiveData
                0x0800bd7c       0x3c ./Middlewares/ST/STM32_USB_Host_Library/Core/Src/usbh_ioreq.o
                0x0800bd7c                USBH_BulkReceiveData
 .text.USBH_OpenPipe
                0x0800bdb8       0x3e ./Middlewares/ST/STM32_USB_Host_Library/Core/Src/usbh_pipes.o
                0x0800bdb8                USBH_OpenPipe
 .text.USBH_ClosePipe
                0x0800bdf6       0x20 ./Middlewares/ST/STM32_USB_Host_Library/Core/Src/usbh_pipes.o
                0x0800bdf6                USBH_ClosePipe
 .text.USBH_AllocPipe
                0x0800be16       0x42 ./Middlewares/ST/STM32_USB_Host_Library/Core/Src/usbh_pipes.o
                0x0800be16                USBH_AllocPipe
 .text.USBH_FreePipe
                0x0800be58       0x3c ./Middlewares/ST/STM32_USB_Host_Library/Core/Src/usbh_pipes.o
                0x0800be58                USBH_FreePipe
 .text.USBH_GetFreePipe
                0x0800be94       0x48 ./Middlewares/ST/STM32_USB_Host_Library/Core/Src/usbh_pipes.o
 .text.disk_status
                0x0800bedc       0x34 ./Middlewares/Third_Party/FatFs/src/diskio.o
                0x0800bedc                disk_status
 .text.disk_initialize
                0x0800bf10       0x50 ./Middlewares/Third_Party/FatFs/src/diskio.o
                0x0800bf10                disk_initialize
 .text.disk_read
                0x0800bf60       0x40 ./Middlewares/Third_Party/FatFs/src/diskio.o
                0x0800bf60                disk_read
 .text.disk_write
                0x0800bfa0       0x40 ./Middlewares/Third_Party/FatFs/src/diskio.o
                0x0800bfa0                disk_write
 .text.disk_ioctl
                0x0800bfe0       0x3c ./Middlewares/Third_Party/FatFs/src/diskio.o
                0x0800bfe0                disk_ioctl
 .text.ld_word  0x0800c01c       0x32 ./Middlewares/Third_Party/FatFs/src/ff.o
 .text.ld_dword
                0x0800c04e       0x46 ./Middlewares/Third_Party/FatFs/src/ff.o
 .text.st_word  0x0800c094       0x36 ./Middlewares/Third_Party/FatFs/src/ff.o
 .text.st_dword
                0x0800c0ca       0x58 ./Middlewares/Third_Party/FatFs/src/ff.o
 .text.mem_cpy  0x0800c122       0x42 ./Middlewares/Third_Party/FatFs/src/ff.o
 .text.mem_set  0x0800c164       0x36 ./Middlewares/Third_Party/FatFs/src/ff.o
 .text.mem_cmp  0x0800c19a       0x4e ./Middlewares/Third_Party/FatFs/src/ff.o
 .text.chk_chr  0x0800c1e8       0x36 ./Middlewares/Third_Party/FatFs/src/ff.o
 *fill*         0x0800c21e        0x2 
 .text.chk_lock
                0x0800c220       0xb8 ./Middlewares/Third_Party/FatFs/src/ff.o
 .text.enq_lock
                0x0800c2d8       0x44 ./Middlewares/Third_Party/FatFs/src/ff.o
 .text.inc_lock
                0x0800c31c      0x11c ./Middlewares/Third_Party/FatFs/src/ff.o
 .text.dec_lock
                0x0800c438       0x78 ./Middlewares/Third_Party/FatFs/src/ff.o
 .text.clear_lock
                0x0800c4b0       0x48 ./Middlewares/Third_Party/FatFs/src/ff.o
 .text.sync_window
                0x0800c4f8       0x88 ./Middlewares/Third_Party/FatFs/src/ff.o
 .text.move_window
                0x0800c580       0x5a ./Middlewares/Third_Party/FatFs/src/ff.o
 *fill*         0x0800c5da        0x2 
 .text.sync_fs  0x0800c5dc       0xdc ./Middlewares/Third_Party/FatFs/src/ff.o
 .text.clust2sect
                0x0800c6b8       0x3e ./Middlewares/Third_Party/FatFs/src/ff.o
 .text.get_fat  0x0800c6f6      0x14e ./Middlewares/Third_Party/FatFs/src/ff.o
 .text.put_fat  0x0800c844      0x1d4 ./Middlewares/Third_Party/FatFs/src/ff.o
 .text.remove_chain
                0x0800ca18       0xca ./Middlewares/Third_Party/FatFs/src/ff.o
 .text.create_chain
                0x0800cae2      0x130 ./Middlewares/Third_Party/FatFs/src/ff.o
 .text.clmt_clust
                0x0800cc12       0x68 ./Middlewares/Third_Party/FatFs/src/ff.o
 .text.dir_sdi  0x0800cc7a       0xf6 ./Middlewares/Third_Party/FatFs/src/ff.o
 .text.dir_next
                0x0800cd70      0x18a ./Middlewares/Third_Party/FatFs/src/ff.o
 .text.dir_alloc
                0x0800cefa       0x8e ./Middlewares/Third_Party/FatFs/src/ff.o
 .text.ld_clust
                0x0800cf88       0x3e ./Middlewares/Third_Party/FatFs/src/ff.o
 .text.st_clust
                0x0800cfc6       0x40 ./Middlewares/Third_Party/FatFs/src/ff.o
 *fill*         0x0800d006        0x2 
 .text.cmp_lfn  0x0800d008       0xe0 ./Middlewares/Third_Party/FatFs/src/ff.o
 .text.put_lfn  0x0800d0e8       0xd0 ./Middlewares/Third_Party/FatFs/src/ff.o
 .text.gen_numname
                0x0800d1b8      0x160 ./Middlewares/Third_Party/FatFs/src/ff.o
 .text.sum_sfn  0x0800d318       0x42 ./Middlewares/Third_Party/FatFs/src/ff.o
 .text.dir_find
                0x0800d35a      0x180 ./Middlewares/Third_Party/FatFs/src/ff.o
 *fill*         0x0800d4da        0x2 
 .text.dir_register
                0x0800d4dc      0x1f0 ./Middlewares/Third_Party/FatFs/src/ff.o
 .text.create_name
                0x0800d6cc      0x404 ./Middlewares/Third_Party/FatFs/src/ff.o
 .text.follow_path
                0x0800dad0       0xe2 ./Middlewares/Third_Party/FatFs/src/ff.o
 .text.get_ldnumber
                0x0800dbb2       0x88 ./Middlewares/Third_Party/FatFs/src/ff.o
 *fill*         0x0800dc3a        0x2 
 .text.check_fs
                0x0800dc3c       0xac ./Middlewares/Third_Party/FatFs/src/ff.o
 .text.find_volume
                0x0800dce8      0x4a0 ./Middlewares/Third_Party/FatFs/src/ff.o
 .text.validate
                0x0800e188       0x6a ./Middlewares/Third_Party/FatFs/src/ff.o
 *fill*         0x0800e1f2        0x2 
 .text.f_mount  0x0800e1f4       0x8c ./Middlewares/Third_Party/FatFs/src/ff.o
                0x0800e1f4                f_mount
 .text.f_open   0x0800e280      0x374 ./Middlewares/Third_Party/FatFs/src/ff.o
                0x0800e280                f_open
 .text.f_write  0x0800e5f4      0x2ea ./Middlewares/Third_Party/FatFs/src/ff.o
                0x0800e5f4                f_write
 .text.f_sync   0x0800e8de       0xfc ./Middlewares/Third_Party/FatFs/src/ff.o
                0x0800e8de                f_sync
 .text.f_close  0x0800e9da       0x54 ./Middlewares/Third_Party/FatFs/src/ff.o
                0x0800e9da                f_close
 *fill*         0x0800ea2e        0x2 
 .text.FATFS_LinkDriverEx
                0x0800ea30       0x98 ./Middlewares/Third_Party/FatFs/src/ff_gen_drv.o
                0x0800ea30                FATFS_LinkDriverEx
 .text.FATFS_LinkDriver
                0x0800eac8       0x1e ./Middlewares/Third_Party/FatFs/src/ff_gen_drv.o
                0x0800eac8                FATFS_LinkDriver
 *fill*         0x0800eae6        0x2 
 .text.ff_convert
                0x0800eae8       0xbc ./Middlewares/Third_Party/FatFs/src/option/cc932.o
                0x0800eae8                ff_convert
 .text.ff_wtoupper
                0x0800eba4      0x114 ./Middlewares/Third_Party/FatFs/src/option/cc932.o
                0x0800eba4                ff_wtoupper
 .text.MX_USB_HOST_Init
                0x0800ecb8       0x4c ./USB_HOST/App/usb_host.o
                0x0800ecb8                MX_USB_HOST_Init
 .text.MX_USB_HOST_Process
                0x0800ed04       0x14 ./USB_HOST/App/usb_host.o
                0x0800ed04                MX_USB_HOST_Process
 .text.USBH_UserProcess
                0x0800ed18       0x5c ./USB_HOST/App/usb_host.o
 .text.HAL_HCD_MspInit
                0x0800ed74       0xe8 ./USB_HOST/Target/usbh_conf.o
                0x0800ed74                HAL_HCD_MspInit
 .text.HAL_HCD_SOF_Callback
                0x0800ee5c       0x1c ./USB_HOST/Target/usbh_conf.o
                0x0800ee5c                HAL_HCD_SOF_Callback
 .text.HAL_HCD_Connect_Callback
                0x0800ee78       0x1c ./USB_HOST/Target/usbh_conf.o
                0x0800ee78                HAL_HCD_Connect_Callback
 .text.HAL_HCD_Disconnect_Callback
                0x0800ee94       0x1c ./USB_HOST/Target/usbh_conf.o
                0x0800ee94                HAL_HCD_Disconnect_Callback
 .text.HAL_HCD_HC_NotifyURBChange_Callback
                0x0800eeb0       0x1c ./USB_HOST/Target/usbh_conf.o
                0x0800eeb0                HAL_HCD_HC_NotifyURBChange_Callback
 .text.HAL_HCD_PortEnabled_Callback
                0x0800eecc       0x1c ./USB_HOST/Target/usbh_conf.o
                0x0800eecc                HAL_HCD_PortEnabled_Callback
 .text.HAL_HCD_PortDisabled_Callback
                0x0800eee8       0x1c ./USB_HOST/Target/usbh_conf.o
                0x0800eee8                HAL_HCD_PortDisabled_Callback
 .text.USBH_LL_Init
                0x0800ef04       0x78 ./USB_HOST/Target/usbh_conf.o
                0x0800ef04                USBH_LL_Init
 .text.USBH_LL_Start
                0x0800ef7c       0x36 ./USB_HOST/Target/usbh_conf.o
                0x0800ef7c                USBH_LL_Start
 .text.USBH_LL_Stop
                0x0800efb2       0x36 ./USB_HOST/Target/usbh_conf.o
                0x0800efb2                USBH_LL_Stop
 .text.USBH_LL_GetSpeed
                0x0800efe8       0x4e ./USB_HOST/Target/usbh_conf.o
                0x0800efe8                USBH_LL_GetSpeed
 .text.USBH_LL_ResetPort
                0x0800f036       0x36 ./USB_HOST/Target/usbh_conf.o
                0x0800f036                USBH_LL_ResetPort
 .text.USBH_LL_GetLastXferSize
                0x0800f06c       0x26 ./USB_HOST/Target/usbh_conf.o
                0x0800f06c                USBH_LL_GetLastXferSize
 .text.USBH_LL_OpenPipe
                0x0800f092       0x5e ./USB_HOST/Target/usbh_conf.o
                0x0800f092                USBH_LL_OpenPipe
 .text.USBH_LL_ClosePipe
                0x0800f0f0       0x3e ./USB_HOST/Target/usbh_conf.o
                0x0800f0f0                USBH_LL_ClosePipe
 .text.USBH_LL_SubmitURB
                0x0800f12e       0x62 ./USB_HOST/Target/usbh_conf.o
                0x0800f12e                USBH_LL_SubmitURB
 .text.USBH_LL_GetURBState
                0x0800f190       0x26 ./USB_HOST/Target/usbh_conf.o
                0x0800f190                USBH_LL_GetURBState
 .text.USBH_LL_DriverVBUS
                0x0800f1b6       0x2e ./USB_HOST/Target/usbh_conf.o
                0x0800f1b6                USBH_LL_DriverVBUS
 .text.USBH_LL_SetToggle
                0x0800f1e4       0x54 ./USB_HOST/Target/usbh_conf.o
                0x0800f1e4                USBH_LL_SetToggle
 .text.USBH_LL_GetToggle
                0x0800f238       0x54 ./USB_HOST/Target/usbh_conf.o
                0x0800f238                USBH_LL_GetToggle
 .text.USBH_Delay
                0x0800f28c       0x16 ./USB_HOST/Target/usbh_conf.o
                0x0800f28c                USBH_Delay
 *fill*         0x0800f2a2        0x2 
 .text.USBH_Get_USB_Status
                0x0800f2a4       0x58 ./USB_HOST/Target/usbh_conf.o
                0x0800f2a4                USBH_Get_USB_Status
 .text.MX_DriverVbusFS
                0x0800f2fc       0x38 ./USB_HOST/Target/usbh_platform.o
                0x0800f2fc                MX_DriverVbusFS
 .text.malloc   0x0800f334       0x10 C:/ST/STM32CubeIDE_2.1.0/STM32CubeIDE/plugins/com.st.stm32cube.ide.mcu.externaltools.gnu-tools-for-stm32.14.3.rel1.win32_1.0.100.202602081740/tools/bin/../lib/gcc/arm-none-eabi/14.3.1/../../../../arm-none-eabi/lib/thumb/v7e-m+dp/hard\libc_nano.a(libc_a-malloc.o)
                0x0800f334                malloc
 .text.free     0x0800f344       0x10 C:/ST/STM32CubeIDE_2.1.0/STM32CubeIDE/plugins/com.st.stm32cube.ide.mcu.externaltools.gnu-tools-for-stm32.14.3.rel1.win32_1.0.100.202602081740/tools/bin/../lib/gcc/arm-none-eabi/14.3.1/../../../../arm-none-eabi/lib/thumb/v7e-m+dp/hard\libc_nano.a(libc_a-malloc.o)
                0x0800f344                free
 .text.sbrk_aligned
                0x0800f354       0x44 C:/ST/STM32CubeIDE_2.1.0/STM32CubeIDE/plugins/com.st.stm32cube.ide.mcu.externaltools.gnu-tools-for-stm32.14.3.rel1.win32_1.0.100.202602081740/tools/bin/../lib/gcc/arm-none-eabi/14.3.1/../../../../arm-none-eabi/lib/thumb/v7e-m+dp/hard\libc_nano.a(libc_a-mallocr.o)
 .text._malloc_r
                0x0800f398      0x100 C:/ST/STM32CubeIDE_2.1.0/STM32CubeIDE/plugins/com.st.stm32cube.ide.mcu.externaltools.gnu-tools-for-stm32.14.3.rel1.win32_1.0.100.202602081740/tools/bin/../lib/gcc/arm-none-eabi/14.3.1/../../../../arm-none-eabi/lib/thumb/v7e-m+dp/hard\libc_nano.a(libc_a-mallocr.o)
                0x0800f398                _malloc_r
 .text.__malloc_lock
                0x0800f498        0xc C:/ST/STM32CubeIDE_2.1.0/STM32CubeIDE/plugins/com.st.stm32cube.ide.mcu.externaltools.gnu-tools-for-stm32.14.3.rel1.win32_1.0.100.202602081740/tools/bin/../lib/gcc/arm-none-eabi/14.3.1/../../../../arm-none-eabi/lib/thumb/v7e-m+dp/hard\libc_nano.a(libc_a-mlock.o)
                0x0800f498                __malloc_lock
 .text.__malloc_unlock
                0x0800f4a4        0xc C:/ST/STM32CubeIDE_2.1.0/STM32CubeIDE/plugins/com.st.stm32cube.ide.mcu.externaltools.gnu-tools-for-stm32.14.3.rel1.win32_1.0.100.202602081740/tools/bin/../lib/gcc/arm-none-eabi/14.3.1/../../../../arm-none-eabi/lib/thumb/v7e-m+dp/hard\libc_nano.a(libc_a-mlock.o)
                0x0800f4a4                __malloc_unlock
 .text.memset   0x0800f4b0       0x10 C:/ST/STM32CubeIDE_2.1.0/STM32CubeIDE/plugins/com.st.stm32cube.ide.mcu.externaltools.gnu-tools-for-stm32.14.3.rel1.win32_1.0.100.202602081740/tools/bin/../lib/gcc/arm-none-eabi/14.3.1/../../../../arm-none-eabi/lib/thumb/v7e-m+dp/hard\libc_nano.a(libc_a-memset.o)
                0x0800f4b0                memset
 .text._sbrk_r  0x0800f4c0       0x20 C:/ST/STM32CubeIDE_2.1.0/STM32CubeIDE/plugins/com.st.stm32cube.ide.mcu.externaltools.gnu-tools-for-stm32.14.3.rel1.win32_1.0.100.202602081740/tools/bin/../lib/gcc/arm-none-eabi/14.3.1/../../../../arm-none-eabi/lib/thumb/v7e-m+dp/hard\libc_nano.a(libc_a-sbrkr.o)
                0x0800f4c0                _sbrk_r
 .text.__errno  0x0800f4e0        0xc C:/ST/STM32CubeIDE_2.1.0/STM32CubeIDE/plugins/com.st.stm32cube.ide.mcu.externaltools.gnu-tools-for-stm32.14.3.rel1.win32_1.0.100.202602081740/tools/bin/../lib/gcc/arm-none-eabi/14.3.1/../../../../arm-none-eabi/lib/thumb/v7e-m+dp/hard\libc_nano.a(libc_a-errno.o)
                0x0800f4e0                __errno
 .text.__libc_init_array
                0x0800f4ec       0x48 C:/ST/STM32CubeIDE_2.1.0/STM32CubeIDE/plugins/com.st.stm32cube.ide.mcu.externaltools.gnu-tools-for-stm32.14.3.rel1.win32_1.0.100.202602081740/tools/bin/../lib/gcc/arm-none-eabi/14.3.1/../../../../arm-none-eabi/lib/thumb/v7e-m+dp/hard\libc_nano.a(libc_a-init.o)
                0x0800f4ec                __libc_init_array
 .text.__retarget_lock_acquire_recursive
                0x0800f534        0x2 C:/ST/STM32CubeIDE_2.1.0/STM32CubeIDE/plugins/com.st.stm32cube.ide.mcu.externaltools.gnu-tools-for-stm32.14.3.rel1.win32_1.0.100.202602081740/tools/bin/../lib/gcc/arm-none-eabi/14.3.1/../../../../arm-none-eabi/lib/thumb/v7e-m+dp/hard\libc_nano.a(libc_a-lock.o)
                0x0800f534                __retarget_lock_acquire_recursive
 .text.__retarget_lock_release_recursive
                0x0800f536        0x2 C:/ST/STM32CubeIDE_2.1.0/STM32CubeIDE/plugins/com.st.stm32cube.ide.mcu.externaltools.gnu-tools-for-stm32.14.3.rel1.win32_1.0.100.202602081740/tools/bin/../lib/gcc/arm-none-eabi/14.3.1/../../../../arm-none-eabi/lib/thumb/v7e-m+dp/hard\libc_nano.a(libc_a-lock.o)
                0x0800f536                __retarget_lock_release_recursive
 .text.memcpy   0x0800f538       0x1c C:/ST/STM32CubeIDE_2.1.0/STM32CubeIDE/plugins/com.st.stm32cube.ide.mcu.externaltools.gnu-tools-for-stm32.14.3.rel1.win32_1.0.100.202602081740/tools/bin/../lib/gcc/arm-none-eabi/14.3.1/../../../../arm-none-eabi/lib/thumb/v7e-m+dp/hard\libc_nano.a(libc_a-memcpy-stub.o)
                0x0800f538                memcpy
 .text._free_r  0x0800f554       0x94 C:/ST/STM32CubeIDE_2.1.0/STM32CubeIDE/plugins/com.st.stm32cube.ide.mcu.externaltools.gnu-tools-for-stm32.14.3.rel1.win32_1.0.100.202602081740/tools/bin/../lib/gcc/arm-none-eabi/14.3.1/../../../../arm-none-eabi/lib/thumb/v7e-m+dp/hard\libc_nano.a(libc_a-freer.o)
                0x0800f554                _free_r
 *(.glue_7)
 .glue_7        0x0800f5e8        0x0 linker stubs
 *(.glue_7t)
 .glue_7t       0x0800f5e8        0x0 linker stubs
 *(.eh_frame)
 .eh_frame      0x0800f5e8        0x0 C:/ST/STM32CubeIDE_2.1.0/STM32CubeIDE/plugins/com.st.stm32cube.ide.mcu.externaltools.gnu-tools-for-stm32.14.3.rel1.win32_1.0.100.202602081740/tools/bin/../lib/gcc/arm-none-eabi/14.3.1/thumb/v7e-m+dp/hard/crtbegin.o
 *(.init)
 .init          0x0800f5e8        0x4 C:/ST/STM32CubeIDE_2.1.0/STM32CubeIDE/plugins/com.st.stm32cube.ide.mcu.externaltools.gnu-tools-for-stm32.14.3.rel1.win32_1.0.100.202602081740/tools/bin/../lib/gcc/arm-none-eabi/14.3.1/thumb/v7e-m+dp/hard/crti.o
                0x0800f5e8                _init
 .init          0x0800f5ec        0x8 C:/ST/STM32CubeIDE_2.1.0/STM32CubeIDE/plugins/com.st.stm32cube.ide.mcu.externaltools.gnu-tools-for-stm32.14.3.rel1.win32_1.0.100.202602081740/tools/bin/../lib/gcc/arm-none-eabi/14.3.1/thumb/v7e-m+dp/hard/crtn.o
 *(.fini)
 .fini          0x0800f5f4        0x4 C:/ST/STM32CubeIDE_2.1.0/STM32CubeIDE/plugins/com.st.stm32cube.ide.mcu.externaltools.gnu-tools-for-stm32.14.3.rel1.win32_1.0.100.202602081740/tools/bin/../lib/gcc/arm-none-eabi/14.3.1/thumb/v7e-m+dp/hard/crti.o
                0x0800f5f4                _fini
 .fini          0x0800f5f8        0x8 C:/ST/STM32CubeIDE_2.1.0/STM32CubeIDE/plugins/com.st.stm32cube.ide.mcu.externaltools.gnu-tools-for-stm32.14.3.rel1.win32_1.0.100.202602081740/tools/bin/../lib/gcc/arm-none-eabi/14.3.1/thumb/v7e-m+dp/hard/crtn.o
                0x0800f600                        . = ALIGN (0x4)
                0x0800f600                        _etext = .

.vfp11_veneer   0x0800f600        0x0
 .vfp11_veneer  0x0800f600        0x0 linker stubs

.v4_bx          0x0800f600        0x0
 .v4_bx         0x0800f600        0x0 linker stubs

.iplt           0x0800f600        0x0
 .iplt          0x0800f600        0x0 C:/ST/STM32CubeIDE_2.1.0/STM32CubeIDE/plugins/com.st.stm32cube.ide.mcu.externaltools.gnu-tools-for-stm32.14.3.rel1.win32_1.0.100.202602081740/tools/bin/../lib/gcc/arm-none-eabi/14.3.1/thumb/v7e-m+dp/hard/crtbegin.o

.rodata         0x0800f600     0xea2c
                0x0800f600                        . = ALIGN (0x4)
 *(.rodata)
 *(.rodata*)
 .rodata.main.str1.4
                0x0800f600       0x23 ./Core/Src/main.o
                                  0xc (size before relaxing)
 *fill*         0x0800f623        0x1 
 .rodata.D1CorePrescTable
                0x0800f624       0x10 ./Core/Src/system_stm32h7xx.o
                0x0800f624                D1CorePrescTable
 .rodata.LED_PIN
                0x0800f634        0x6 ./Drivers/BSP/STM32H7xx_Nucleo/stm32h7xx_nucleo.o
 *fill*         0x0800f63a        0x2 
 .rodata.BUTTON_EXTI_LINE.2
                0x0800f63c        0x4 ./Drivers/BSP/STM32H7xx_Nucleo/stm32h7xx_nucleo.o
 .rodata.UARTPrescTable
                0x0800f640       0x18 ./Drivers/STM32H7xx_HAL_Driver/Src/stm32h7xx_hal_uart.o
                0x0800f640                UARTPrescTable
 .rodata.numerator.1
                0x0800f658        0x8 ./Drivers/STM32H7xx_HAL_Driver/Src/stm32h7xx_hal_uart_ex.o
 .rodata.denominator.0
                0x0800f660        0x8 ./Drivers/STM32H7xx_HAL_Driver/Src/stm32h7xx_hal_uart_ex.o
 .rodata.USBH_Driver
                0x0800f668       0x14 ./FATFS/Target/usbh_diskio.o
                0x0800f668                USBH_Driver
 .rodata.str1.4
                0x0800f67c        0x4 ./Middlewares/ST/STM32_USB_Host_Library/Class/MSC/Src/usbh_msc.o
 .rodata.LfnOfs
                0x0800f67c        0xd ./Middlewares/Third_Party/FatFs/src/ff.o
 .rodata.create_name.str1.4
                0x0800f689       0x13 ./Middlewares/Third_Party/FatFs/src/ff.o
 *fill*         0x0800f689        0x3 
 .rodata.uni2sjis
                0x0800f68c     0x7378 ./Middlewares/Third_Party/FatFs/src/option/cc932.o
 .rodata.sjis2uni
                0x08016a04     0x7378 ./Middlewares/Third_Party/FatFs/src/option/cc932.o
 .rodata.cvt1.1
                0x0801dd7c      0x1f2 ./Middlewares/Third_Party/FatFs/src/option/cc932.o
 *fill*         0x0801df6e        0x2 
 .rodata.cvt2.0
                0x0801df70       0xbc ./Middlewares/Third_Party/FatFs/src/option/cc932.o
                0x0801e02c                        . = ALIGN (0x4)

.ARM.extab
 *(.ARM.extab* .gnu.linkonce.armextab.*)

.ARM            0x0801e02c        0x8
                0x0801e02c                        __exidx_start = .
 *(.ARM.exidx*)
 .ARM.exidx     0x0801e02c        0x8 C:/ST/STM32CubeIDE_2.1.0/STM32CubeIDE/plugins/com.st.stm32cube.ide.mcu.externaltools.gnu-tools-for-stm32.14.3.rel1.win32_1.0.100.202602081740/tools/bin/../lib/gcc/arm-none-eabi/14.3.1/../../../../arm-none-eabi/lib/thumb/v7e-m+dp/hard\libc_nano.a(libc_a-strlen.o)
 .ARM.exidx     0x0801e034        0x0 C:/ST/STM32CubeIDE_2.1.0/STM32CubeIDE/plugins/com.st.stm32cube.ide.mcu.externaltools.gnu-tools-for-stm32.14.3.rel1.win32_1.0.100.202602081740/tools/bin/../lib/gcc/arm-none-eabi/14.3.1/thumb/v7e-m+dp/hard\libgcc.a(_udivmoddi4.o)
                                  0x8 (size before relaxing)
                0x0801e034                        __exidx_end = .

.preinit_array  0x0801e034        0x0
                0x0801e034                        PROVIDE (__preinit_array_start = .)
 *(.preinit_array*)
                0x0801e034                        PROVIDE (__preinit_array_end = .)

.init_array     0x0801e034        0x4
                0x0801e034                        PROVIDE (__init_array_start = .)
 *(SORT_BY_NAME(.init_array.*))
 *(.init_array*)
 .init_array    0x0801e034        0x4 C:/ST/STM32CubeIDE_2.1.0/STM32CubeIDE/plugins/com.st.stm32cube.ide.mcu.externaltools.gnu-tools-for-stm32.14.3.rel1.win32_1.0.100.202602081740/tools/bin/../lib/gcc/arm-none-eabi/14.3.1/thumb/v7e-m+dp/hard/crtbegin.o
                0x0801e038                        PROVIDE (__init_array_end = .)

.fini_array     0x0801e038        0x4
                [!provide]                        PROVIDE (__fini_array_start = .)
 *(SORT_BY_NAME(.fini_array.*))
 *(.fini_array*)
 .fini_array    0x0801e038        0x4 C:/ST/STM32CubeIDE_2.1.0/STM32CubeIDE/plugins/com.st.stm32cube.ide.mcu.externaltools.gnu-tools-for-stm32.14.3.rel1.win32_1.0.100.202602081740/tools/bin/../lib/gcc/arm-none-eabi/14.3.1/thumb/v7e-m+dp/hard/crtbegin.o
                [!provide]                        PROVIDE (__fini_array_end = .)
                0x0801e03c                        _sidata = LOADADDR (.data)

.rel.dyn        0x0801e03c        0x0
 .rel.iplt      0x0801e03c        0x0 C:/ST/STM32CubeIDE_2.1.0/STM32CubeIDE/plugins/com.st.stm32cube.ide.mcu.externaltools.gnu-tools-for-stm32.14.3.rel1.win32_1.0.100.202602081740/tools/bin/../lib/gcc/arm-none-eabi/14.3.1/thumb/v7e-m+dp/hard/crtbegin.o

.data           0x24000000       0x9c load address 0x0801e03c
                0x24000000                        . = ALIGN (0x4)
                0x24000000                        _sdata = .
 *(.data)
 *(.data*)
 .data.SystemCoreClock
                0x24000000        0x4 ./Core/Src/system_stm32h7xx.o
                0x24000000                SystemCoreClock
 .data.SystemD2Clock
                0x24000004        0x4 ./Core/Src/system_stm32h7xx.o
                0x24000004                SystemD2Clock
 .data.COM_USART
                0x24000008        0x4 ./Drivers/BSP/STM32H7xx_Nucleo/stm32h7xx_nucleo.o
                0x24000008                COM_USART
 .data.LED_PORT
                0x2400000c        0xc ./Drivers/BSP/STM32H7xx_Nucleo/stm32h7xx_nucleo.o
 .data.BUTTON_PORT
                0x24000018        0x4 ./Drivers/BSP/STM32H7xx_Nucleo/stm32h7xx_nucleo.o
 .data.ButtonCallback.1
                0x2400001c        0x4 ./Drivers/BSP/STM32H7xx_Nucleo/stm32h7xx_nucleo.o
 .data.BSP_BUTTON_PRIO.0
                0x24000020        0x4 ./Drivers/BSP/STM32H7xx_Nucleo/stm32h7xx_nucleo.o
 .data.uwTickPrio
                0x24000024        0x4 ./Drivers/STM32H7xx_HAL_Driver/Src/stm32h7xx_hal.o
                0x24000024                uwTickPrio
 .data.uwTickFreq
                0x24000028        0x1 ./Drivers/STM32H7xx_HAL_Driver/Src/stm32h7xx_hal.o
                0x24000028                uwTickFreq
 *fill*         0x24000029        0x3 
 .data.USBH_msc
                0x2400002c       0x20 ./Middlewares/ST/STM32_USB_Host_Library/Class/MSC/Src/usbh_msc.o
                0x2400002c                USBH_msc
 .data._impure_ptr
                0x2400004c        0x4 C:/ST/STM32CubeIDE_2.1.0/STM32CubeIDE/plugins/com.st.stm32cube.ide.mcu.externaltools.gnu-tools-for-stm32.14.3.rel1.win32_1.0.100.202602081740/tools/bin/../lib/gcc/arm-none-eabi/14.3.1/../../../../arm-none-eabi/lib/thumb/v7e-m+dp/hard\libc_nano.a(libc_a-impure.o)
                0x2400004c                _impure_ptr
 .data._impure_data
                0x24000050       0x4c C:/ST/STM32CubeIDE_2.1.0/STM32CubeIDE/plugins/com.st.stm32cube.ide.mcu.externaltools.gnu-tools-for-stm32.14.3.rel1.win32_1.0.100.202602081740/tools/bin/../lib/gcc/arm-none-eabi/14.3.1/../../../../arm-none-eabi/lib/thumb/v7e-m+dp/hard\libc_nano.a(libc_a-impure.o)
                0x24000050                _impure_data
 *(.RamFunc)
 *(.RamFunc*)
                0x2400009c                        . = ALIGN (0x4)
                0x2400009c                        _edata = .

.igot.plt       0x2400009c        0x0 load address 0x0801e0d8
 .igot.plt      0x2400009c        0x0 C:/ST/STM32CubeIDE_2.1.0/STM32CubeIDE/plugins/com.st.stm32cube.ide.mcu.externaltools.gnu-tools-for-stm32.14.3.rel1.win32_1.0.100.202602081740/tools/bin/../lib/gcc/arm-none-eabi/14.3.1/thumb/v7e-m+dp/hard/crtbegin.o
                0x2400009c                        . = ALIGN (0x4)

.bss            0x2400009c     0x1148 load address 0x0801e0d8
                0x2400009c                        _sbss = .
                0x2400009c                        __bss_start__ = _sbss
 *(.bss)
 .bss           0x2400009c       0x1c C:/ST/STM32CubeIDE_2.1.0/STM32CubeIDE/plugins/com.st.stm32cube.ide.mcu.externaltools.gnu-tools-for-stm32.14.3.rel1.win32_1.0.100.202602081740/tools/bin/../lib/gcc/arm-none-eabi/14.3.1/thumb/v7e-m+dp/hard/crtbegin.o
 *(.bss*)
 .bss.BspCOMInit
                0x240000b8       0x10 ./Core/Src/main.o
                0x240000b8                BspCOMInit
 .bss.huart2    0x240000c8       0x94 ./Core/Src/main.o
                0x240000c8                huart2
 .bss.__sbrk_heap_end
                0x2400015c        0x4 ./Core/Src/sysmem.o
 .bss.hpb_exti  0x24000160        0x8 ./Drivers/BSP/STM32H7xx_Nucleo/stm32h7xx_nucleo.o
                0x24000160                hpb_exti
 .bss.hcom_uart
                0x24000168       0x94 ./Drivers/BSP/STM32H7xx_Nucleo/stm32h7xx_nucleo.o
                0x24000168                hcom_uart
 .bss.uwTick    0x240001fc        0x4 ./Drivers/STM32H7xx_HAL_Driver/Src/stm32h7xx_hal.o
                0x240001fc                uwTick
 .bss.retUSBH   0x24000200        0x1 ./FATFS/App/fatfs.o
                0x24000200                retUSBH
 *fill*         0x24000201        0x3 
 .bss.USBHPath  0x24000204        0x4 ./FATFS/App/fatfs.o
                0x24000204                USBHPath
 .bss.USBHFatFS
                0x24000208      0x234 ./FATFS/App/fatfs.o
                0x24000208                USBHFatFS
 .bss.USBHFile  0x2400043c      0x230 ./FATFS/App/fatfs.o
                0x2400043c                USBHFile
 .bss.FatFs     0x2400066c        0x4 ./Middlewares/Third_Party/FatFs/src/ff.o
 .bss.Fsid      0x24000670        0x2 ./Middlewares/Third_Party/FatFs/src/ff.o
 *fill*         0x24000672        0x2 
 .bss.Files     0x24000674       0x20 ./Middlewares/Third_Party/FatFs/src/ff.o
 .bss.LfnBuf    0x24000694      0x200 ./Middlewares/Third_Party/FatFs/src/ff.o
 .bss.disk      0x24000894        0xc ./Middlewares/Third_Party/FatFs/src/ff_gen_drv.o
                0x24000894                disk
 .bss.hUsbHostFS
                0x240008a0      0x3d8 ./USB_HOST/App/usb_host.o
                0x240008a0                hUsbHostFS
 .bss.Appli_state
                0x24000c78        0x1 ./USB_HOST/App/usb_host.o
                0x24000c78                Appli_state
 *fill*         0x24000c79        0x3 
 .bss.hhcd_USB_OTG_FS
                0x24000c7c      0x420 ./USB_HOST/Target/usbh_conf.o
                0x24000c7c                hhcd_USB_OTG_FS
 .bss.__malloc_sbrk_start
                0x2400109c        0x4 C:/ST/STM32CubeIDE_2.1.0/STM32CubeIDE/plugins/com.st.stm32cube.ide.mcu.externaltools.gnu-tools-for-stm32.14.3.rel1.win32_1.0.100.202602081740/tools/bin/../lib/gcc/arm-none-eabi/14.3.1/../../../../arm-none-eabi/lib/thumb/v7e-m+dp/hard\libc_nano.a(libc_a-mallocr.o)
                0x2400109c                __malloc_sbrk_start
 .bss.__malloc_free_list
                0x240010a0        0x4 C:/ST/STM32CubeIDE_2.1.0/STM32CubeIDE/plugins/com.st.stm32cube.ide.mcu.externaltools.gnu-tools-for-stm32.14.3.rel1.win32_1.0.100.202602081740/tools/bin/../lib/gcc/arm-none-eabi/14.3.1/../../../../arm-none-eabi/lib/thumb/v7e-m+dp/hard\libc_nano.a(libc_a-mallocr.o)
                0x240010a0                __malloc_free_list
 .bss.__sf      0x240010a4      0x138 C:/ST/STM32CubeIDE_2.1.0/STM32CubeIDE/plugins/com.st.stm32cube.ide.mcu.externaltools.gnu-tools-for-stm32.14.3.rel1.win32_1.0.100.202602081740/tools/bin/../lib/gcc/arm-none-eabi/14.3.1/../../../../arm-none-eabi/lib/thumb/v7e-m+dp/hard\libc_nano.a(libc_a-findfp.o)
                0x240010a4                __sf
 .bss.errno     0x240011dc        0x4 C:/ST/STM32CubeIDE_2.1.0/STM32CubeIDE/plugins/com.st.stm32cube.ide.mcu.externaltools.gnu-tools-for-stm32.14.3.rel1.win32_1.0.100.202602081740/tools/bin/../lib/gcc/arm-none-eabi/14.3.1/../../../../arm-none-eabi/lib/thumb/v7e-m+dp/hard\libc_nano.a(libc_a-reent.o)
                0x240011dc                errno
 .bss.__lock___malloc_recursive_mutex
                0x240011e0        0x1 C:/ST/STM32CubeIDE_2.1.0/STM32CubeIDE/plugins/com.st.stm32cube.ide.mcu.externaltools.gnu-tools-for-stm32.14.3.rel1.win32_1.0.100.202602081740/tools/bin/../lib/gcc/arm-none-eabi/14.3.1/../../../../arm-none-eabi/lib/thumb/v7e-m+dp/hard\libc_nano.a(libc_a-lock.o)
                0x240011e0                __lock___malloc_recursive_mutex
 *(COMMON)
                0x240011e4                        . = ALIGN (0x4)
 *fill*         0x240011e1        0x3 
                0x240011e4                        _ebss = .
                0x240011e4                        __bss_end__ = _ebss

._user_heap_stack
                0x240011e4      0x604 load address 0x0801e0d8
                0x240011e8                        . = ALIGN (0x8)
 *fill*         0x240011e4        0x4 
                [!provide]                        PROVIDE (end = .)
                0x240011e8                        PROVIDE (_end = .)
                0x240013e8                        . = (. + _Min_Heap_Size)
 *fill*         0x240011e8      0x200 
                0x240017e8                        . = (. + _Min_Stack_Size)
 *fill*         0x240013e8      0x400 
                0x240017e8                        . = ALIGN (0x8)

/DISCARD/
 libc.a(*)
 libm.a(*)
 libgcc.a(*)

.ARM.attributes
                0x00000000       0x2e
 *(.ARM.attributes)
 .ARM.attributes
                0x00000000       0x20 C:/ST/STM32CubeIDE_2.1.0/STM32CubeIDE/plugins/com.st.stm32cube.ide.mcu.externaltools.gnu-tools-for-stm32.14.3.rel1.win32_1.0.100.202602081740/tools/bin/../lib/gcc/arm-none-eabi/14.3.1/thumb/v7e-m+dp/hard/crti.o
 .ARM.attributes
                0x00000020       0x32 C:/ST/STM32CubeIDE_2.1.0/STM32CubeIDE/plugins/com.st.stm32cube.ide.mcu.externaltools.gnu-tools-for-stm32.14.3.rel1.win32_1.0.100.202602081740/tools/bin/../lib/gcc/arm-none-eabi/14.3.1/thumb/v7e-m+dp/hard/crtbegin.o
 .ARM.attributes
                0x00000052       0x32 ./Core/Src/main.o
 .ARM.attributes
                0x00000084       0x32 ./Core/Src/stm32h7xx_hal_msp.o
 .ARM.attributes
                0x000000b6       0x32 ./Core/Src/stm32h7xx_it.o
 .ARM.attributes
                0x000000e8       0x32 ./Core/Src/sysmem.o
 .ARM.attributes
                0x0000011a       0x32 ./Core/Src/system_stm32h7xx.o
 .ARM.attributes
                0x0000014c       0x21 ./Core/Startup/startup_stm32h753zitx.o
 .ARM.attributes
                0x0000016d       0x32 ./Drivers/BSP/STM32H7xx_Nucleo/stm32h7xx_nucleo.o
 .ARM.attributes
                0x0000019f       0x32 ./Drivers/STM32H7xx_HAL_Driver/Src/stm32h7xx_hal.o
 .ARM.attributes
                0x000001d1       0x32 ./Drivers/STM32H7xx_HAL_Driver/Src/stm32h7xx_hal_cortex.o
 .ARM.attributes
                0x00000203       0x32 ./Drivers/STM32H7xx_HAL_Driver/Src/stm32h7xx_hal_exti.o
 .ARM.attributes
                0x00000235       0x32 ./Drivers/STM32H7xx_HAL_Driver/Src/stm32h7xx_hal_gpio.o
 .ARM.attributes
                0x00000267       0x32 ./Drivers/STM32H7xx_HAL_Driver/Src/stm32h7xx_hal_hcd.o
 .ARM.attributes
                0x00000299       0x32 ./Drivers/STM32H7xx_HAL_Driver/Src/stm32h7xx_hal_pwr_ex.o
 .ARM.attributes
                0x000002cb       0x32 ./Drivers/STM32H7xx_HAL_Driver/Src/stm32h7xx_hal_rcc.o
 .ARM.attributes
                0x000002fd       0x32 ./Drivers/STM32H7xx_HAL_Driver/Src/stm32h7xx_hal_rcc_ex.o
 .ARM.attributes
                0x0000032f       0x32 ./Drivers/STM32H7xx_HAL_Driver/Src/stm32h7xx_hal_uart.o
 .ARM.attributes
                0x00000361       0x32 ./Drivers/STM32H7xx_HAL_Driver/Src/stm32h7xx_hal_uart_ex.o
 .ARM.attributes
                0x00000393       0x32 ./Drivers/STM32H7xx_HAL_Driver/Src/stm32h7xx_ll_usb.o
 .ARM.attributes
                0x000003c5       0x32 ./FATFS/App/fatfs.o
 .ARM.attributes
                0x000003f7       0x32 ./FATFS/Target/usbh_diskio.o
 .ARM.attributes
                0x00000429       0x32 ./Middlewares/ST/STM32_USB_Host_Library/Class/MSC/Src/usbh_msc.o
 .ARM.attributes
                0x0000045b       0x32 ./Middlewares/ST/STM32_USB_Host_Library/Class/MSC/Src/usbh_msc_bot.o
 .ARM.attributes
                0x0000048d       0x32 ./Middlewares/ST/STM32_USB_Host_Library/Class/MSC/Src/usbh_msc_scsi.o
 .ARM.attributes
                0x000004bf       0x32 ./Middlewares/ST/STM32_USB_Host_Library/Core/Src/usbh_core.o
 .ARM.attributes
                0x000004f1       0x32 ./Middlewares/ST/STM32_USB_Host_Library/Core/Src/usbh_ctlreq.o
 .ARM.attributes
                0x00000523       0x32 ./Middlewares/ST/STM32_USB_Host_Library/Core/Src/usbh_ioreq.o
 .ARM.attributes
                0x00000555       0x32 ./Middlewares/ST/STM32_USB_Host_Library/Core/Src/usbh_pipes.o
 .ARM.attributes
                0x00000587       0x32 ./Middlewares/Third_Party/FatFs/src/diskio.o
 .ARM.attributes
                0x000005b9       0x32 ./Middlewares/Third_Party/FatFs/src/ff.o
 .ARM.attributes
                0x000005eb       0x32 ./Middlewares/Third_Party/FatFs/src/ff_gen_drv.o
 .ARM.attributes
                0x0000061d       0x32 ./Middlewares/Third_Party/FatFs/src/option/cc932.o
 .ARM.attributes
                0x0000064f       0x32 ./USB_HOST/App/usb_host.o
 .ARM.attributes
                0x00000681       0x32 ./USB_HOST/Target/usbh_conf.o
 .ARM.attributes
                0x000006b3       0x32 ./USB_HOST/Target/usbh_platform.o
 .ARM.attributes
                0x000006e5       0x32 C:/ST/STM32CubeIDE_2.1.0/STM32CubeIDE/plugins/com.st.stm32cube.ide.mcu.externaltools.gnu-tools-for-stm32.14.3.rel1.win32_1.0.100.202602081740/tools/bin/../lib/gcc/arm-none-eabi/14.3.1/../../../../arm-none-eabi/lib/thumb/v7e-m+dp/hard\libc_nano.a(libc_a-malloc.o)
 .ARM.attributes
                0x00000717       0x32 C:/ST/STM32CubeIDE_2.1.0/STM32CubeIDE/plugins/com.st.stm32cube.ide.mcu.externaltools.gnu-tools-for-stm32.14.3.rel1.win32_1.0.100.202602081740/tools/bin/../lib/gcc/arm-none-eabi/14.3.1/../../../../arm-none-eabi/lib/thumb/v7e-m+dp/hard\libc_nano.a(libc_a-mallocr.o)
 .ARM.attributes
                0x00000749       0x32 C:/ST/STM32CubeIDE_2.1.0/STM32CubeIDE/plugins/com.st.stm32cube.ide.mcu.externaltools.gnu-tools-for-stm32.14.3.rel1.win32_1.0.100.202602081740/tools/bin/../lib/gcc/arm-none-eabi/14.3.1/../../../../arm-none-eabi/lib/thumb/v7e-m+dp/hard\libc_nano.a(libc_a-mlock.o)
 .ARM.attributes
                0x0000077b       0x32 C:/ST/STM32CubeIDE_2.1.0/STM32CubeIDE/plugins/com.st.stm32cube.ide.mcu.externaltools.gnu-tools-for-stm32.14.3.rel1.win32_1.0.100.202602081740/tools/bin/../lib/gcc/arm-none-eabi/14.3.1/../../../../arm-none-eabi/lib/thumb/v7e-m+dp/hard\libc_nano.a(libc_a-findfp.o)
 .ARM.attributes
                0x000007ad       0x32 C:/ST/STM32CubeIDE_2.1.0/STM32CubeIDE/plugins/com.st.stm32cube.ide.mcu.externaltools.gnu-tools-for-stm32.14.3.rel1.win32_1.0.100.202602081740/tools/bin/../lib/gcc/arm-none-eabi/14.3.1/../../../../arm-none-eabi/lib/thumb/v7e-m+dp/hard\libc_nano.a(libc_a-memset.o)
 .ARM.attributes
                0x000007df       0x32 C:/ST/STM32CubeIDE_2.1.0/STM32CubeIDE/plugins/com.st.stm32cube.ide.mcu.externaltools.gnu-tools-for-stm32.14.3.rel1.win32_1.0.100.202602081740/tools/bin/../lib/gcc/arm-none-eabi/14.3.1/../../../../arm-none-eabi/lib/thumb/v7e-m+dp/hard\libc_nano.a(libc_a-reent.o)
 .ARM.attributes
                0x00000811       0x32 C:/ST/STM32CubeIDE_2.1.0/STM32CubeIDE/plugins/com.st.stm32cube.ide.mcu.externaltools.gnu-tools-for-stm32.14.3.rel1.win32_1.0.100.202602081740/tools/bin/../lib/gcc/arm-none-eabi/14.3.1/../../../../arm-none-eabi/lib/thumb/v7e-m+dp/hard\libc_nano.a(libc_a-impure.o)
 .ARM.attributes
                0x00000843       0x32 C:/ST/STM32CubeIDE_2.1.0/STM32CubeIDE/plugins/com.st.stm32cube.ide.mcu.externaltools.gnu-tools-for-stm32.14.3.rel1.win32_1.0.100.202602081740/tools/bin/../lib/gcc/arm-none-eabi/14.3.1/../../../../arm-none-eabi/lib/thumb/v7e-m+dp/hard\libc_nano.a(libc_a-sbrkr.o)
 .ARM.attributes
                0x00000875       0x32 C:/ST/STM32CubeIDE_2.1.0/STM32CubeIDE/plugins/com.st.stm32cube.ide.mcu.externaltools.gnu-tools-for-stm32.14.3.rel1.win32_1.0.100.202602081740/tools/bin/../lib/gcc/arm-none-eabi/14.3.1/../../../../arm-none-eabi/lib/thumb/v7e-m+dp/hard\libc_nano.a(libc_a-errno.o)
 .ARM.attributes
                0x000008a7       0x32 C:/ST/STM32CubeIDE_2.1.0/STM32CubeIDE/plugins/com.st.stm32cube.ide.mcu.externaltools.gnu-tools-for-stm32.14.3.rel1.win32_1.0.100.202602081740/tools/bin/../lib/gcc/arm-none-eabi/14.3.1/../../../../arm-none-eabi/lib/thumb/v7e-m+dp/hard\libc_nano.a(libc_a-init.o)
 .ARM.attributes
                0x000008d9       0x32 C:/ST/STM32CubeIDE_2.1.0/STM32CubeIDE/plugins/com.st.stm32cube.ide.mcu.externaltools.gnu-tools-for-stm32.14.3.rel1.win32_1.0.100.202602081740/tools/bin/../lib/gcc/arm-none-eabi/14.3.1/../../../../arm-none-eabi/lib/thumb/v7e-m+dp/hard\libc_nano.a(libc_a-lock.o)
 .ARM.attributes
                0x0000090b       0x32 C:/ST/STM32CubeIDE_2.1.0/STM32CubeIDE/plugins/com.st.stm32cube.ide.mcu.externaltools.gnu-tools-for-stm32.14.3.rel1.win32_1.0.100.202602081740/tools/bin/../lib/gcc/arm-none-eabi/14.3.1/../../../../arm-none-eabi/lib/thumb/v7e-m+dp/hard\libc_nano.a(libc_a-memcpy-stub.o)
 .ARM.attributes
                0x0000093d       0x17 C:/ST/STM32CubeIDE_2.1.0/STM32CubeIDE/plugins/com.st.stm32cube.ide.mcu.externaltools.gnu-tools-for-stm32.14.3.rel1.win32_1.0.100.202602081740/tools/bin/../lib/gcc/arm-none-eabi/14.3.1/../../../../arm-none-eabi/lib/thumb/v7e-m+dp/hard\libc_nano.a(libc_a-strlen.o)
 .ARM.attributes
                0x00000954       0x32 C:/ST/STM32CubeIDE_2.1.0/STM32CubeIDE/plugins/com.st.stm32cube.ide.mcu.externaltools.gnu-tools-for-stm32.14.3.rel1.win32_1.0.100.202602081740/tools/bin/../lib/gcc/arm-none-eabi/14.3.1/../../../../arm-none-eabi/lib/thumb/v7e-m+dp/hard\libc_nano.a(libc_a-freer.o)
 .ARM.attributes
                0x00000986       0x20 C:/ST/STM32CubeIDE_2.1.0/STM32CubeIDE/plugins/com.st.stm32cube.ide.mcu.externaltools.gnu-tools-for-stm32.14.3.rel1.win32_1.0.100.202602081740/tools/bin/../lib/gcc/arm-none-eabi/14.3.1/thumb/v7e-m+dp/hard\libgcc.a(_aeabi_uldivmod.o)
 .ARM.attributes
                0x000009a6       0x32 C:/ST/STM32CubeIDE_2.1.0/STM32CubeIDE/plugins/com.st.stm32cube.ide.mcu.externaltools.gnu-tools-for-stm32.14.3.rel1.win32_1.0.100.202602081740/tools/bin/../lib/gcc/arm-none-eabi/14.3.1/thumb/v7e-m+dp/hard\libgcc.a(_udivmoddi4.o)
 .ARM.attributes
                0x000009d8       0x20 C:/ST/STM32CubeIDE_2.1.0/STM32CubeIDE/plugins/com.st.stm32cube.ide.mcu.externaltools.gnu-tools-for-stm32.14.3.rel1.win32_1.0.100.202602081740/tools/bin/../lib/gcc/arm-none-eabi/14.3.1/thumb/v7e-m+dp/hard\libgcc.a(_dvmd_tls.o)
 .ARM.attributes
                0x000009f8       0x20 C:/ST/STM32CubeIDE_2.1.0/STM32CubeIDE/plugins/com.st.stm32cube.ide.mcu.externaltools.gnu-tools-for-stm32.14.3.rel1.win32_1.0.100.202602081740/tools/bin/../lib/gcc/arm-none-eabi/14.3.1/thumb/v7e-m+dp/hard/crtn.o
OUTPUT(uart_usb_test.elf elf32-littlearm)
LOAD linker stubs
LOAD C:/ST/STM32CubeIDE_2.1.0/STM32CubeIDE/plugins/com.st.stm32cube.ide.mcu.externaltools.gnu-tools-for-stm32.14.3.rel1.win32_1.0.100.202602081740/tools/bin/../lib/gcc/arm-none-eabi/14.3.1/../../../../arm-none-eabi/lib/thumb/v7e-m+dp/hard\libc.a
LOAD C:/ST/STM32CubeIDE_2.1.0/STM32CubeIDE/plugins/com.st.stm32cube.ide.mcu.externaltools.gnu-tools-for-stm32.14.3.rel1.win32_1.0.100.202602081740/tools/bin/../lib/gcc/arm-none-eabi/14.3.1/../../../../arm-none-eabi/lib/thumb/v7e-m+dp/hard\libm.a
LOAD C:/ST/STM32CubeIDE_2.1.0/STM32CubeIDE/plugins/com.st.stm32cube.ide.mcu.externaltools.gnu-tools-for-stm32.14.3.rel1.win32_1.0.100.202602081740/tools/bin/../lib/gcc/arm-none-eabi/14.3.1/thumb/v7e-m+dp/hard\libgcc.a

.debug_info     0x00000000    0x22e70
 .debug_info    0x00000000     0x1a6e ./Core/Src/main.o
 .debug_info    0x00001a6e     0x1058 ./Core/Src/stm32h7xx_hal_msp.o
 .debug_info    0x00002ac6      0x797 ./Core/Src/stm32h7xx_it.o
 .debug_info    0x0000325d      0x168 ./Core/Src/sysmem.o
 .debug_info    0x000033c5      0xdc1 ./Core/Src/system_stm32h7xx.o
 .debug_info    0x00004186       0x30 ./Core/Startup/startup_stm32h753zitx.o
 .debug_info    0x000041b6     0x1a81 ./Drivers/BSP/STM32H7xx_Nucleo/stm32h7xx_nucleo.o
 .debug_info    0x00005c37     0x1541 ./Drivers/STM32H7xx_HAL_Driver/Src/stm32h7xx_hal.o
 .debug_info    0x00007178     0x10c4 ./Drivers/STM32H7xx_HAL_Driver/Src/stm32h7xx_hal_cortex.o
 .debug_info    0x0000823c      0x916 ./Drivers/STM32H7xx_HAL_Driver/Src/stm32h7xx_hal_exti.o
 .debug_info    0x00008b52      0xc5a ./Drivers/STM32H7xx_HAL_Driver/Src/stm32h7xx_hal_gpio.o
 .debug_info    0x000097ac     0x1229 ./Drivers/STM32H7xx_HAL_Driver/Src/stm32h7xx_hal_hcd.o
 .debug_info    0x0000a9d5     0x1021 ./Drivers/STM32H7xx_HAL_Driver/Src/stm32h7xx_hal_pwr_ex.o
 .debug_info    0x0000b9f6      0xe74 ./Drivers/STM32H7xx_HAL_Driver/Src/stm32h7xx_hal_rcc.o
 .debug_info    0x0000c86a     0x1225 ./Drivers/STM32H7xx_HAL_Driver/Src/stm32h7xx_hal_rcc_ex.o
 .debug_info    0x0000da8f     0x4b53 ./Drivers/STM32H7xx_HAL_Driver/Src/stm32h7xx_hal_uart.o
 .debug_info    0x000125e2      0xfbe ./Drivers/STM32H7xx_HAL_Driver/Src/stm32h7xx_hal_uart_ex.o
 .debug_info    0x000135a0     0x16ef ./Drivers/STM32H7xx_HAL_Driver/Src/stm32h7xx_ll_usb.o
 .debug_info    0x00014c8f      0x509 ./FATFS/App/fatfs.o
 .debug_info    0x00015198      0xe85 ./FATFS/Target/usbh_diskio.o
 .debug_info    0x0001601d     0x1525 ./Middlewares/ST/STM32_USB_Host_Library/Class/MSC/Src/usbh_msc.o
 .debug_info    0x00017542     0x11b5 ./Middlewares/ST/STM32_USB_Host_Library/Class/MSC/Src/usbh_msc_bot.o
 .debug_info    0x000186f7     0x116b ./Middlewares/ST/STM32_USB_Host_Library/Class/MSC/Src/usbh_msc_scsi.o
 .debug_info    0x00019862      0xfb7 ./Middlewares/ST/STM32_USB_Host_Library/Core/Src/usbh_core.o
 .debug_info    0x0001a819      0xfbd ./Middlewares/ST/STM32_USB_Host_Library/Core/Src/usbh_ctlreq.o
 .debug_info    0x0001b7d6      0xc3c ./Middlewares/ST/STM32_USB_Host_Library/Core/Src/usbh_ioreq.o
 .debug_info    0x0001c412      0xa9f ./Middlewares/ST/STM32_USB_Host_Library/Core/Src/usbh_pipes.o
 .debug_info    0x0001ceb1      0x3ed ./Middlewares/Third_Party/FatFs/src/diskio.o
 .debug_info    0x0001d29e     0x25ca ./Middlewares/Third_Party/FatFs/src/ff.o
 .debug_info    0x0001f868      0x38d ./Middlewares/Third_Party/FatFs/src/ff_gen_drv.o
 .debug_info    0x0001fbf5      0x21f ./Middlewares/Third_Party/FatFs/src/option/cc932.o
 .debug_info    0x0001fe14      0xa20 ./USB_HOST/App/usb_host.o
 .debug_info    0x00020834     0x244e ./USB_HOST/Target/usbh_conf.o
 .debug_info    0x00022c82      0x1ee ./USB_HOST/Target/usbh_platform.o

.debug_abbrev   0x00000000     0x4f42
 .debug_abbrev  0x00000000      0x31c ./Core/Src/main.o
 .debug_abbrev  0x0000031c      0x205 ./Core/Src/stm32h7xx_hal_msp.o
 .debug_abbrev  0x00000521      0x1a4 ./Core/Src/stm32h7xx_it.o
 .debug_abbrev  0x000006c5       0xbc ./Core/Src/sysmem.o
 .debug_abbrev  0x00000781      0x165 ./Core/Src/system_stm32h7xx.o
 .debug_abbrev  0x000008e6       0x24 ./Core/Startup/startup_stm32h753zitx.o
 .debug_abbrev  0x0000090a      0x340 ./Drivers/BSP/STM32H7xx_Nucleo/stm32h7xx_nucleo.o
 .debug_abbrev  0x00000c4a      0x295 ./Drivers/STM32H7xx_HAL_Driver/Src/stm32h7xx_hal.o
 .debug_abbrev  0x00000edf      0x339 ./Drivers/STM32H7xx_HAL_Driver/Src/stm32h7xx_hal_cortex.o
 .debug_abbrev  0x00001218      0x1df ./Drivers/STM32H7xx_HAL_Driver/Src/stm32h7xx_hal_exti.o
 .debug_abbrev  0x000013f7      0x205 ./Drivers/STM32H7xx_HAL_Driver/Src/stm32h7xx_hal_gpio.o